Archive member included to satisfy reference by file (symbol)

d:/installedprogram/cube/stm32cubeide_1.2.0/stm32cubeide/plugins/com.st.stm32cube.ide.mcu.externaltools.gnu-tools-for-stm32.7-2018-q2-update.win32_1.0.0.201904181610/tools/bin/../lib/gcc/arm-none-eabi/7.3.1/../../../../arm-none-eabi/lib/thumb/v7-m\libc_nano.a(lib_a-errno.o)
                              Core/Src/syscalls.o (__errno)
d:/installedprogram/cube/stm32cubeide_1.2.0/stm32cubeide/plugins/com.st.stm32cube.ide.mcu.externaltools.gnu-tools-for-stm32.7-2018-q2-update.win32_1.0.0.201904181610/tools/bin/../lib/gcc/arm-none-eabi/7.3.1/../../../../arm-none-eabi/lib/thumb/v7-m\libc_nano.a(lib_a-exit.o)
                              d:/installedprogram/cube/stm32cubeide_1.2.0/stm32cubeide/plugins/com.st.stm32cube.ide.mcu.externaltools.gnu-tools-for-stm32.7-2018-q2-update.win32_1.0.0.201904181610/tools/bin/../lib/gcc/arm-none-eabi/7.3.1/../../../../arm-none-eabi/lib/thumb/v7-m/crt0.o (exit)
d:/installedprogram/cube/stm32cubeide_1.2.0/stm32cubeide/plugins/com.st.stm32cube.ide.mcu.externaltools.gnu-tools-for-stm32.7-2018-q2-update.win32_1.0.0.201904181610/tools/bin/../lib/gcc/arm-none-eabi/7.3.1/../../../../arm-none-eabi/lib/thumb/v7-m\libc_nano.a(lib_a-impure.o)
                              d:/installedprogram/cube/stm32cubeide_1.2.0/stm32cubeide/plugins/com.st.stm32cube.ide.mcu.externaltools.gnu-tools-for-stm32.7-2018-q2-update.win32_1.0.0.201904181610/tools/bin/../lib/gcc/arm-none-eabi/7.3.1/../../../../arm-none-eabi/lib/thumb/v7-m\libc_nano.a(lib_a-exit.o) (_global_impure_ptr)
d:/installedprogram/cube/stm32cubeide_1.2.0/stm32cubeide/plugins/com.st.stm32cube.ide.mcu.externaltools.gnu-tools-for-stm32.7-2018-q2-update.win32_1.0.0.201904181610/tools/bin/../lib/gcc/arm-none-eabi/7.3.1/../../../../arm-none-eabi/lib/thumb/v7-m\libc_nano.a(lib_a-init.o)
                              d:/installedprogram/cube/stm32cubeide_1.2.0/stm32cubeide/plugins/com.st.stm32cube.ide.mcu.externaltools.gnu-tools-for-stm32.7-2018-q2-update.win32_1.0.0.201904181610/tools/bin/../lib/gcc/arm-none-eabi/7.3.1/../../../../arm-none-eabi/lib/thumb/v7-m/crt0.o (__libc_init_array)
d:/installedprogram/cube/stm32cubeide_1.2.0/stm32cubeide/plugins/com.st.stm32cube.ide.mcu.externaltools.gnu-tools-for-stm32.7-2018-q2-update.win32_1.0.0.201904181610/tools/bin/../lib/gcc/arm-none-eabi/7.3.1/../../../../arm-none-eabi/lib/thumb/v7-m\libc_nano.a(lib_a-memset.o)
                              d:/installedprogram/cube/stm32cubeide_1.2.0/stm32cubeide/plugins/com.st.stm32cube.ide.mcu.externaltools.gnu-tools-for-stm32.7-2018-q2-update.win32_1.0.0.201904181610/tools/bin/../lib/gcc/arm-none-eabi/7.3.1/../../../../arm-none-eabi/lib/thumb/v7-m/crt0.o (memset)

Allocating common symbols
Common symbol       size              file

uwTick              0x4               Drivers/STM32L1xx_HAL_Driver/Src/stm32l1xx_hal.o
pFlash              0x18              Drivers/STM32L1xx_HAL_Driver/Src/stm32l1xx_hal_flash.o

Discarded input sections

 .text          0x0000000000000000        0x0 d:/installedprogram/cube/stm32cubeide_1.2.0/stm32cubeide/plugins/com.st.stm32cube.ide.mcu.externaltools.gnu-tools-for-stm32.7-2018-q2-update.win32_1.0.0.201904181610/tools/bin/../lib/gcc/arm-none-eabi/7.3.1/thumb/v7-m/crti.o
 .data          0x0000000000000000        0x0 d:/installedprogram/cube/stm32cubeide_1.2.0/stm32cubeide/plugins/com.st.stm32cube.ide.mcu.externaltools.gnu-tools-for-stm32.7-2018-q2-update.win32_1.0.0.201904181610/tools/bin/../lib/gcc/arm-none-eabi/7.3.1/thumb/v7-m/crti.o
 .bss           0x0000000000000000        0x0 d:/installedprogram/cube/stm32cubeide_1.2.0/stm32cubeide/plugins/com.st.stm32cube.ide.mcu.externaltools.gnu-tools-for-stm32.7-2018-q2-update.win32_1.0.0.201904181610/tools/bin/../lib/gcc/arm-none-eabi/7.3.1/thumb/v7-m/crti.o
 .data          0x0000000000000000        0x4 d:/installedprogram/cube/stm32cubeide_1.2.0/stm32cubeide/plugins/com.st.stm32cube.ide.mcu.externaltools.gnu-tools-for-stm32.7-2018-q2-update.win32_1.0.0.201904181610/tools/bin/../lib/gcc/arm-none-eabi/7.3.1/thumb/v7-m/crtbegin.o
 .text          0x0000000000000000       0x74 d:/installedprogram/cube/stm32cubeide_1.2.0/stm32cubeide/plugins/com.st.stm32cube.ide.mcu.externaltools.gnu-tools-for-stm32.7-2018-q2-update.win32_1.0.0.201904181610/tools/bin/../lib/gcc/arm-none-eabi/7.3.1/../../../../arm-none-eabi/lib/thumb/v7-m/crt0.o
 .data          0x0000000000000000        0x0 d:/installedprogram/cube/stm32cubeide_1.2.0/stm32cubeide/plugins/com.st.stm32cube.ide.mcu.externaltools.gnu-tools-for-stm32.7-2018-q2-update.win32_1.0.0.201904181610/tools/bin/../lib/gcc/arm-none-eabi/7.3.1/../../../../arm-none-eabi/lib/thumb/v7-m/crt0.o
 .bss           0x0000000000000000        0x0 d:/installedprogram/cube/stm32cubeide_1.2.0/stm32cubeide/plugins/com.st.stm32cube.ide.mcu.externaltools.gnu-tools-for-stm32.7-2018-q2-update.win32_1.0.0.201904181610/tools/bin/../lib/gcc/arm-none-eabi/7.3.1/../../../../arm-none-eabi/lib/thumb/v7-m/crt0.o
[...]
Memory Configuration

Name             Origin             Length             Attributes
RAM              0x0000000020000000 0x0000000000008000 xrw
FLASH            0x0000000008000000 0x0000000000020000 xr
*default*        0x0000000000000000 0xffffffffffffffff

Linker script and memory map

LOAD d:/installedprogram/cube/stm32cubeide_1.2.0/stm32cubeide/plugins/com.st.stm32cube.ide.mcu.externaltools.gnu-tools-for-stm32.7-2018-q2-update.win32_1.0.0.201904181610/tools/bin/../lib/gcc/arm-none-eabi/7.3.1/thumb/v7-m/crti.o
LOAD d:/installedprogram/cube/stm32cubeide_1.2.0/stm32cubeide/plugins/com.st.stm32cube.ide.mcu.externaltools.gnu-tools-for-stm32.7-2018-q2-update.win32_1.0.0.201904181610/tools/bin/../lib/gcc/arm-none-eabi/7.3.1/thumb/v7-m/crtbegin.o
LOAD d:/installedprogram/cube/stm32cubeide_1.2.0/stm32cubeide/plugins/com.st.stm32cube.ide.mcu.externaltools.gnu-tools-for-stm32.7-2018-q2-update.win32_1.0.0.201904181610/tools/bin/../lib/gcc/arm-none-eabi/7.3.1/../../../../arm-none-eabi/lib/thumb/v7-m/crt0.o
LOAD Core/Src/main.o
LOAD Core/Src/stm32l1xx_hal_msp.o
LOAD Core/Src/stm32l1xx_it.o
LOAD Core/Src/syscalls.o
LOAD Core/Src/sysmem.o
LOAD Core/Src/system_stm32l1xx.o
LOAD Core/Startup/startup_stm32l151rbtxa.o
LOAD Drivers/STM32L1xx_HAL_Driver/Src/stm32l1xx_hal.o
LOAD Drivers/STM32L1xx_HAL_Driver/Src/stm32l1xx_hal_cortex.o
LOAD Drivers/STM32L1xx_HAL_Driver/Src/stm32l1xx_hal_dma.o
LOAD Drivers/STM32L1xx_HAL_Driver/Src/stm32l1xx_hal_flash.o
LOAD Drivers/STM32L1xx_HAL_Driver/Src/stm32l1xx_hal_flash_ex.o
LOAD Drivers/STM32L1xx_HAL_Driver/Src/stm32l1xx_hal_flash_ramfunc.o
LOAD Drivers/STM32L1xx_HAL_Driver/Src/stm32l1xx_hal_gpio.o
LOAD Drivers/STM32L1xx_HAL_Driver/Src/stm32l1xx_hal_pwr.o
LOAD Drivers/STM32L1xx_HAL_Driver/Src/stm32l1xx_hal_pwr_ex.o
LOAD Drivers/STM32L1xx_HAL_Driver/Src/stm32l1xx_hal_rcc.o
LOAD Drivers/STM32L1xx_HAL_Driver/Src/stm32l1xx_hal_rcc_ex.o
LOAD Drivers/STM32L1xx_HAL_Driver/Src/stm32l1xx_hal_tim.o
LOAD Drivers/STM32L1xx_HAL_Driver/Src/stm32l1xx_hal_tim_ex.o
START GROUP
LOAD d:/installedprogram/cube/stm32cubeide_1.2.0/stm32cubeide/plugins/com.st.stm32cube.ide.mcu.externaltools.gnu-tools-for-stm32.7-2018-q2-update.win32_1.0.0.201904181610/tools/bin/../lib/gcc/arm-none-eabi/7.3.1/../../../../arm-none-eabi/lib/thumb/v7-m\libc_nano.a
LOAD d:/installedprogram/cube/stm32cubeide_1.2.0/stm32cubeide/plugins/com.st.stm32cube.ide.mcu.externaltools.gnu-tools-for-stm32.7-2018-q2-update.win32_1.0.0.201904181610/tools/bin/../lib/gcc/arm-none-eabi/7.3.1/../../../../arm-none-eabi/lib/thumb/v7-m\libm.a
END GROUP
START GROUP
LOAD d:/installedprogram/cube/stm32cubeide_1.2.0/stm32cubeide/plugins/com.st.stm32cube.ide.mcu.externaltools.gnu-tools-for-stm32.7-2018-q2-update.win32_1.0.0.201904181610/tools/bin/../lib/gcc/arm-none-eabi/7.3.1/thumb/v7-m\libgcc.a
LOAD d:/installedprogram/cube/stm32cubeide_1.2.0/stm32cubeide/plugins/com.st.stm32cube.ide.mcu.externaltools.gnu-tools-for-stm32.7-2018-q2-update.win32_1.0.0.201904181610/tools/bin/../lib/gcc/arm-none-eabi/7.3.1/../../../../arm-none-eabi/lib/thumb/v7-m\libc_nano.a
END GROUP
START GROUP
LOAD d:/installedprogram/cube/stm32cubeide_1.2.0/stm32cubeide/plugins/com.st.stm32cube.ide.mcu.externaltools.gnu-tools-for-stm32.7-2018-q2-update.win32_1.0.0.201904181610/tools/bin/../lib/gcc/arm-none-eabi/7.3.1/thumb/v7-m\libgcc.a
LOAD d:/installedprogram/cube/stm32cubeide_1.2.0/stm32cubeide/plugins/com.st.stm32cube.ide.mcu.externaltools.gnu-tools-for-stm32.7-2018-q2-update.win32_1.0.0.201904181610/tools/bin/../lib/gcc/arm-none-eabi/7.3.1/../../../../arm-none-eabi/lib/thumb/v7-m\libc_nano.a
LOAD d:/installedprogram/cube/stm32cubeide_1.2.0/stm32cubeide/plugins/com.st.stm32cube.ide.mcu.externaltools.gnu-tools-for-stm32.7-2018-q2-update.win32_1.0.0.201904181610/tools/bin/../lib/gcc/arm-none-eabi/7.3.1/../../../../arm-none-eabi/lib/thumb/v7-m\libnosys.a
END GROUP
START GROUP
LOAD d:/installedprogram/cube/stm32cubeide_1.2.0/stm32cubeide/plugins/com.st.stm32cube.ide.mcu.externaltools.gnu-tools-for-stm32.7-2018-q2-update.win32_1.0.0.201904181610/tools/bin/../lib/gcc/arm-none-eabi/7.3.1/thumb/v7-m\libgcc.a
LOAD d:/installedprogram/cube/stm32cubeide_1.2.0/stm32cubeide/plugins/com.st.stm32cube.ide.mcu.externaltools.gnu-tools-for-stm32.7-2018-q2-update.win32_1.0.0.201904181610/tools/bin/../lib/gcc/arm-none-eabi/7.3.1/../../../../arm-none-eabi/lib/thumb/v7-m\libc_nano.a
LOAD d:/installedprogram/cube/stm32cubeide_1.2.0/stm32cubeide/plugins/com.st.stm32cube.ide.mcu.externaltools.gnu-tools-for-stm32.7-2018-q2-update.win32_1.0.0.201904181610/tools/bin/../lib/gcc/arm-none-eabi/7.3.1/../../../../arm-none-eabi/lib/thumb/v7-m\libnosys.a
END GROUP
LOAD d:/installedprogram/cube/stm32cubeide_1.2.0/stm32cubeide/plugins/com.st.stm32cube.ide.mcu.externaltools.gnu-tools-for-stm32.7-2018-q2-update.win32_1.0.0.201904181610/tools/bin/../lib/gcc/arm-none-eabi/7.3.1/thumb/v7-m/crtend.o
LOAD d:/installedprogram/cube/stm32cubeide_1.2.0/stm32cubeide/plugins/com.st.stm32cube.ide.mcu.externaltools.gnu-tools-for-stm32.7-2018-q2-update.win32_1.0.0.201904181610/tools/bin/../lib/gcc/arm-none-eabi/7.3.1/thumb/v7-m/crtn.o
                0x0000000020008000                _estack = (ORIGIN (RAM) + LENGTH (RAM))
                0x0000000000000200                _Min_Heap_Size = 0x200
                0x0000000000000400                _Min_Stack_Size = 0x400

.isr_vector     0x0000000008000000      0x13c
                0x0000000008000000                . = ALIGN (0x4)
 *(.isr_vector)
 .isr_vector    0x0000000008000000      0x13c Core/Startup/startup_stm32l151rbtxa.o
                0x0000000008000000                g_pfnVectors
                0x000000000800013c                . = ALIGN (0x4)

.text           0x000000000800013c     0x1674
                0x000000000800013c                . = ALIGN (0x4)
 *(.text)
 .text          0x000000000800013c       0x40 d:/installedprogram/cube/stm32cubeide_1.2.0/stm32cubeide/plugins/com.st.stm32cube.ide.mcu.externaltools.gnu-tools-for-stm32.7-2018-q2-update.win32_1.0.0.201904181610/tools/bin/../lib/gcc/arm-none-eabi/7.3.1/thumb/v7-m/crtbegin.o
 *(.text*)
 .text.main     0x000000000800017c       0x78 Core/Src/main.o
                0x000000000800017c                main
 .text.SystemClock_Config
                0x00000000080001f4       0x94 Core/Src/main.o
                0x00000000080001f4                SystemClock_Config
 .text.MX_GPIO_Init
                0x0000000008000288       0xe8 Core/Src/main.o
 .text.HAL_GPIO_EXTI_Callback
                0x0000000008000370       0x2c Core/Src/main.o
                0x0000000008000370                HAL_GPIO_EXTI_Callback
 .text.get_sleep
                0x000000000800039c       0x18 Core/Src/main.o
                0x000000000800039c                get_sleep
 .text.blink    0x00000000080003b4       0x4c Core/Src/main.o
                0x00000000080003b4                blink
 .text.Error_Handler
                0x0000000008000400        0xc Core/Src/main.o
                0x0000000008000400                Error_Handler
 .text.HAL_MspInit
                0x000000000800040c       0x5c Core/Src/stm32l1xx_hal_msp.o
                0x000000000800040c                HAL_MspInit
 .text.NMI_Handler
                0x0000000008000468        0xc Core/Src/stm32l1xx_it.o
                0x0000000008000468                NMI_Handler
 .text.HardFault_Handler
                0x0000000008000474        0x6 Core/Src/stm32l1xx_it.o
                0x0000000008000474                HardFault_Handler
 .text.MemManage_Handler
                0x000000000800047a        0x6 Core/Src/stm32l1xx_it.o
                0x000000000800047a                MemManage_Handler
 .text.BusFault_Handler
                0x0000000008000480        0x6 Core/Src/stm32l1xx_it.o
                0x0000000008000480                BusFault_Handler
 .text.UsageFault_Handler
                0x0000000008000486        0x6 Core/Src/stm32l1xx_it.o
                0x0000000008000486                UsageFault_Handler
 .text.SVC_Handler
                0x000000000800048c        0xc Core/Src/stm32l1xx_it.o
                0x000000000800048c                SVC_Handler
 .text.DebugMon_Handler
                0x0000000008000498        0xc Core/Src/stm32l1xx_it.o
                0x0000000008000498                DebugMon_Handler
 .text.PendSV_Handler
                0x00000000080004a4        0xc Core/Src/stm32l1xx_it.o
                0x00000000080004a4                PendSV_Handler
 .text.SysTick_Handler
                0x00000000080004b0        0xc Core/Src/stm32l1xx_it.o
                0x00000000080004b0                SysTick_Handler
 .text.EXTI15_10_IRQHandler
                0x00000000080004bc       0x10 Core/Src/stm32l1xx_it.o
                0x00000000080004bc                EXTI15_10_IRQHandler
 .text.SystemInit
                0x00000000080004cc       0x68 Core/Src/system_stm32l1xx.o
                0x00000000080004cc                SystemInit
 .text.Reset_Handler
                0x0000000008000534       0x48 Core/Startup/startup_stm32l151rbtxa.o
                0x0000000008000534                Reset_Handler
 .text.Default_Handler
                0x000000000800057c        0x2 Core/Startup/startup_stm32l151rbtxa.o
                0x000000000800057c                RTC_Alarm_IRQHandler
                0x000000000800057c                EXTI2_IRQHandler
                0x000000000800057c                TIM10_IRQHandler
                0x000000000800057c                USB_HP_IRQHandler
                0x000000000800057c                TIM6_IRQHandler
                0x000000000800057c                PVD_IRQHandler
                0x000000000800057c                EXTI3_IRQHandler
                0x000000000800057c                EXTI0_IRQHandler
                0x000000000800057c                I2C2_EV_IRQHandler
                0x000000000800057c                SPI1_IRQHandler
                0x000000000800057c                USB_FS_WKUP_IRQHandler
                0x000000000800057c                DMA1_Channel4_IRQHandler
                0x000000000800057c                ADC1_IRQHandler
                0x000000000800057c                USART3_IRQHandler
                0x000000000800057c                DMA1_Channel7_IRQHandler
                0x000000000800057c                TIM4_IRQHandler
                0x000000000800057c                I2C1_EV_IRQHandler
                0x000000000800057c                DMA1_Channel6_IRQHandler
                0x000000000800057c                TIM3_IRQHandler
                0x000000000800057c                RCC_IRQHandler
                0x000000000800057c                DMA1_Channel1_IRQHandler
                0x000000000800057c                Default_Handler
                0x000000000800057c                TIM7_IRQHandler
                0x000000000800057c                EXTI9_5_IRQHandler
                0x000000000800057c                TIM9_IRQHandler
                0x000000000800057c                TAMPER_STAMP_IRQHandler
                0x000000000800057c                RTC_WKUP_IRQHandler
                0x000000000800057c                SPI2_IRQHandler
                0x000000000800057c                DMA1_Channel5_IRQHandler
                0x000000000800057c                USB_LP_IRQHandler
                0x000000000800057c                EXTI4_IRQHandler
                0x000000000800057c                DMA1_Channel3_IRQHandler
                0x000000000800057c                COMP_IRQHandler
                0x000000000800057c                WWDG_IRQHandler
                0x000000000800057c                TIM2_IRQHandler
                0x000000000800057c                DAC_IRQHandler
                0x000000000800057c                EXTI1_IRQHandler
                0x000000000800057c                TIM11_IRQHandler
                0x000000000800057c                USART2_IRQHandler
                0x000000000800057c                I2C2_ER_IRQHandler
                0x000000000800057c                DMA1_Channel2_IRQHandler
                0x000000000800057c                FLASH_IRQHandler
                0x000000000800057c                USART1_IRQHandler
                0x000000000800057c                I2C1_ER_IRQHandler
 .text.HAL_Init
                0x000000000800057e       0x30 Drivers/STM32L1xx_HAL_Driver/Src/stm32l1xx_hal.o
                0x000000000800057e                HAL_Init
 *fill*         0x00000000080005ae        0x2 
 .text.HAL_InitTick
                0x00000000080005b0       0x74 Drivers/STM32L1xx_HAL_Driver/Src/stm32l1xx_hal.o
                0x00000000080005b0                HAL_InitTick
 .text.HAL_IncTick
                0x0000000008000624       0x24 Drivers/STM32L1xx_HAL_Driver/Src/stm32l1xx_hal.o
                0x0000000008000624                HAL_IncTick
 .text.HAL_GetTick
                0x0000000008000648       0x14 Drivers/STM32L1xx_HAL_Driver/Src/stm32l1xx_hal.o
                0x0000000008000648                HAL_GetTick
 .text.HAL_Delay
                0x000000000800065c       0x44 Drivers/STM32L1xx_HAL_Driver/Src/stm32l1xx_hal.o
                0x000000000800065c                HAL_Delay
 .text.HAL_SuspendTick
                0x00000000080006a0       0x1c Drivers/STM32L1xx_HAL_Driver/Src/stm32l1xx_hal.o
                0x00000000080006a0                HAL_SuspendTick
 .text.HAL_ResumeTick
                0x00000000080006bc       0x1c Drivers/STM32L1xx_HAL_Driver/Src/stm32l1xx_hal.o
                0x00000000080006bc                HAL_ResumeTick
 .text.__NVIC_SetPriorityGrouping
                0x00000000080006d8       0x48 Drivers/STM32L1xx_HAL_Driver/Src/stm32l1xx_hal_cortex.o
 .text.__NVIC_GetPriorityGrouping
                0x0000000008000720       0x1c Drivers/STM32L1xx_HAL_Driver/Src/stm32l1xx_hal_cortex.o
 .text.__NVIC_EnableIRQ
                0x000000000800073c       0x38 Drivers/STM32L1xx_HAL_Driver/Src/stm32l1xx_hal_cortex.o
 .text.__NVIC_SetPriority
                0x0000000008000774       0x54 Drivers/STM32L1xx_HAL_Driver/Src/stm32l1xx_hal_cortex.o
 .text.NVIC_EncodePriority
                0x00000000080007c8       0x64 Drivers/STM32L1xx_HAL_Driver/Src/stm32l1xx_hal_cortex.o
 .text.SysTick_Config
                0x000000000800082c       0x44 Drivers/STM32L1xx_HAL_Driver/Src/stm32l1xx_hal_cortex.o
 .text.HAL_NVIC_SetPriorityGrouping
                0x0000000008000870       0x16 Drivers/STM32L1xx_HAL_Driver/Src/stm32l1xx_hal_cortex.o
                0x0000000008000870                HAL_NVIC_SetPriorityGrouping
 .text.HAL_NVIC_SetPriority
                0x0000000008000886       0x38 Drivers/STM32L1xx_HAL_Driver/Src/stm32l1xx_hal_cortex.o
                0x0000000008000886                HAL_NVIC_SetPriority
 .text.HAL_NVIC_EnableIRQ
                0x00000000080008be       0x1c Drivers/STM32L1xx_HAL_Driver/Src/stm32l1xx_hal_cortex.o
                0x00000000080008be                HAL_NVIC_EnableIRQ
 .text.HAL_SYSTICK_Config
                0x00000000080008da       0x18 Drivers/STM32L1xx_HAL_Driver/Src/stm32l1xx_hal_cortex.o
                0x00000000080008da                HAL_SYSTICK_Config
 *fill*         0x00000000080008f2        0x2 
 .text.HAL_GPIO_Init
                0x00000000080008f4      0x2fc Drivers/STM32L1xx_HAL_Driver/Src/stm32l1xx_hal_gpio.o
                0x00000000080008f4                HAL_GPIO_Init
 .text.HAL_GPIO_WritePin
                0x0000000008000bf0       0x30 Drivers/STM32L1xx_HAL_Driver/Src/stm32l1xx_hal_gpio.o
                0x0000000008000bf0                HAL_GPIO_WritePin
 .text.HAL_GPIO_EXTI_IRQHandler
                0x0000000008000c20       0x30 Drivers/STM32L1xx_HAL_Driver/Src/stm32l1xx_hal_gpio.o
                0x0000000008000c20                HAL_GPIO_EXTI_IRQHandler
 .text.HAL_PWR_EnterSLEEPMode
                0x0000000008000c50       0x4c Drivers/STM32L1xx_HAL_Driver/Src/stm32l1xx_hal_pwr.o
                0x0000000008000c50                HAL_PWR_EnterSLEEPMode
 .text.HAL_RCC_OscConfig
                0x0000000008000c9c      0x660 Drivers/STM32L1xx_HAL_Driver/Src/stm32l1xx_hal_rcc.o
                0x0000000008000c9c                HAL_RCC_OscConfig
 .text.HAL_RCC_ClockConfig
                0x00000000080012fc      0x268 Drivers/STM32L1xx_HAL_Driver/Src/stm32l1xx_hal_rcc.o
                0x00000000080012fc                HAL_RCC_ClockConfig
 .text.HAL_RCC_MCOConfig
                0x0000000008001564       0x6c Drivers/STM32L1xx_HAL_Driver/Src/stm32l1xx_hal_rcc.o
                0x0000000008001564                HAL_RCC_MCOConfig
 .text.HAL_RCC_GetSysClockFreq
                0x00000000080015d0       0xb0 Drivers/STM32L1xx_HAL_Driver/Src/stm32l1xx_hal_rcc.o
                0x00000000080015d0                HAL_RCC_GetSysClockFreq
 .text.RCC_SetFlashLatencyFromMSIRange
                0x0000000008001680       0xc0 Drivers/STM32L1xx_HAL_Driver/Src/stm32l1xx_hal_rcc.o
 .text.__libc_init_array
                0x0000000008001740       0x48 d:/installedprogram/cube/stm32cubeide_1.2.0/stm32cubeide/plugins/com.st.stm32cube.ide.mcu.externaltools.gnu-tools-for-stm32.7-2018-q2-update.win32_1.0.0.201904181610/tools/bin/../lib/gcc/arm-none-eabi/7.3.1/../../../../arm-none-eabi/lib/thumb/v7-m\libc_nano.a(lib_a-init.o)
                0x0000000008001740                __libc_init_array
 .text.memset   0x0000000008001788       0x10 d:/installedprogram/cube/stm32cubeide_1.2.0/stm32cubeide/plugins/com.st.stm32cube.ide.mcu.externaltools.gnu-tools-for-stm32.7-2018-q2-update.win32_1.0.0.201904181610/tools/bin/../lib/gcc/arm-none-eabi/7.3.1/../../../../arm-none-eabi/lib/thumb/v7-m\libc_nano.a(lib_a-memset.o)
                0x0000000008001788                memset
 *(.glue_7)
 .glue_7        0x0000000008001798        0x0 linker stubs
 *(.glue_7t)
 .glue_7t       0x0000000008001798        0x0 linker stubs
 *(.eh_frame)
 .eh_frame      0x0000000008001798        0x0 d:/installedprogram/cube/stm32cubeide_1.2.0/stm32cubeide/plugins/com.st.stm32cube.ide.mcu.externaltools.gnu-tools-for-stm32.7-2018-q2-update.win32_1.0.0.201904181610/tools/bin/../lib/gcc/arm-none-eabi/7.3.1/thumb/v7-m/crtbegin.o
 *(.init)
 .init          0x0000000008001798        0x4 d:/installedprogram/cube/stm32cubeide_1.2.0/stm32cubeide/plugins/com.st.stm32cube.ide.mcu.externaltools.gnu-tools-for-stm32.7-2018-q2-update.win32_1.0.0.201904181610/tools/bin/../lib/gcc/arm-none-eabi/7.3.1/thumb/v7-m/crti.o
                0x0000000008001798                _init
 .init          0x000000000800179c        0x8 d:/installedprogram/cube/stm32cubeide_1.2.0/stm32cubeide/plugins/com.st.stm32cube.ide.mcu.externaltools.gnu-tools-for-stm32.7-2018-q2-update.win32_1.0.0.201904181610/tools/bin/../lib/gcc/arm-none-eabi/7.3.1/thumb/v7-m/crtn.o
 *(.fini)
 .fini          0x00000000080017a4        0x4 d:/installedprogram/cube/stm32cubeide_1.2.0/stm32cubeide/plugins/com.st.stm32cube.ide.mcu.externaltools.gnu-tools-for-stm32.7-2018-q2-update.win32_1.0.0.201904181610/tools/bin/../lib/gcc/arm-none-eabi/7.3.1/thumb/v7-m/crti.o
                0x00000000080017a4                _fini
 .fini          0x00000000080017a8        0x8 d:/installedprogram/cube/stm32cubeide_1.2.0/stm32cubeide/plugins/com.st.stm32cube.ide.mcu.externaltools.gnu-tools-for-stm32.7-2018-q2-update.win32_1.0.0.201904181610/tools/bin/../lib/gcc/arm-none-eabi/7.3.1/thumb/v7-m/crtn.o
                0x00000000080017b0                . = ALIGN (0x4)
                0x00000000080017b0                _etext = .

.vfp11_veneer   0x00000000080017b0        0x0
 .vfp11_veneer  0x00000000080017b0        0x0 linker stubs

.v4_bx          0x00000000080017b0        0x0
 .v4_bx         0x00000000080017b0        0x0 linker stubs

.iplt           0x00000000080017b0        0x0
 .iplt          0x00000000080017b0        0x0 d:/installedprogram/cube/stm32cubeide_1.2.0/stm32cubeide/plugins/com.st.stm32cube.ide.mcu.externaltools.gnu-tools-for-stm32.7-2018-q2-update.win32_1.0.0.201904181610/tools/bin/../lib/gcc/arm-none-eabi/7.3.1/thumb/v7-m/crtbegin.o

.rodata         0x00000000080017b0       0x1c
                0x00000000080017b0                . = ALIGN (0x4)
 *(.rodata)
 *(.rodata*)
 .rodata.PLLMulTable
                0x00000000080017b0        0x9 Core/Src/system_stm32l1xx.o
                0x00000000080017b0                PLLMulTable
 *fill*         0x00000000080017b9        0x3 
 .rodata.AHBPrescTable
                0x00000000080017bc       0x10 Core/Src/system_stm32l1xx.o
                0x00000000080017bc                AHBPrescTable
                0x00000000080017cc                . = ALIGN (0x4)

.rel.dyn        0x00000000080017cc        0x0
 .rel.iplt      0x00000000080017cc        0x0 d:/installedprogram/cube/stm32cubeide_1.2.0/stm32cubeide/plugins/com.st.stm32cube.ide.mcu.externaltools.gnu-tools-for-stm32.7-2018-q2-update.win32_1.0.0.201904181610/tools/bin/../lib/gcc/arm-none-eabi/7.3.1/thumb/v7-m/crtbegin.o

.ARM.extab      0x00000000080017cc        0x0
                0x00000000080017cc                . = ALIGN (0x4)
 *(.ARM.extab* .gnu.linkonce.armextab.*)
                0x00000000080017cc                . = ALIGN (0x4)

.ARM            0x00000000080017cc        0x0
                0x00000000080017cc                . = ALIGN (0x4)
                0x00000000080017cc                __exidx_start = .
 *(.ARM.exidx*)
                0x00000000080017cc                __exidx_end = .
                0x00000000080017cc                . = ALIGN (0x4)

.preinit_array  0x00000000080017cc        0x0
                0x00000000080017cc                . = ALIGN (0x4)
                0x00000000080017cc                PROVIDE (__preinit_array_start = .)
 *(.preinit_array*)
                0x00000000080017cc                PROVIDE (__preinit_array_end = .)
                0x00000000080017cc                . = ALIGN (0x4)

.init_array     0x00000000080017cc        0x4
                0x00000000080017cc                . = ALIGN (0x4)
                0x00000000080017cc                PROVIDE (__init_array_start = .)
 *(SORT_BY_NAME(.init_array.*))
 *(.init_array*)
 .init_array    0x00000000080017cc        0x4 d:/installedprogram/cube/stm32cubeide_1.2.0/stm32cubeide/plugins/com.st.stm32cube.ide.mcu.externaltools.gnu-tools-for-stm32.7-2018-q2-update.win32_1.0.0.201904181610/tools/bin/../lib/gcc/arm-none-eabi/7.3.1/thumb/v7-m/crtbegin.o
                0x00000000080017d0                PROVIDE (__init_array_end = .)
                0x00000000080017d0                . = ALIGN (0x4)

.fini_array     0x00000000080017d0        0x4
                0x00000000080017d0                . = ALIGN (0x4)
                [!provide]                        PROVIDE (__fini_array_start = .)
 *(SORT_BY_NAME(.fini_array.*))
 *(.fini_array*)
 .fini_array    0x00000000080017d0        0x4 d:/installedprogram/cube/stm32cubeide_1.2.0/stm32cubeide/plugins/com.st.stm32cube.ide.mcu.externaltools.gnu-tools-for-stm32.7-2018-q2-update.win32_1.0.0.201904181610/tools/bin/../lib/gcc/arm-none-eabi/7.3.1/thumb/v7-m/crtbegin.o
                [!provide]                        PROVIDE (__fini_array_end = .)
                0x00000000080017d4                . = ALIGN (0x4)
                0x00000000080017d4                _sidata = LOADADDR (.data)

.data           0x0000000020000000        0xc load address 0x00000000080017d4
                0x0000000020000000                . = ALIGN (0x4)
                0x0000000020000000                _sdata = .
 *(.data)
 *(.data*)
 .data.SystemCoreClock
                0x0000000020000000        0x4 Core/Src/system_stm32l1xx.o
                0x0000000020000000                SystemCoreClock
 .data.uwTickPrio
                0x0000000020000004        0x4 Drivers/STM32L1xx_HAL_Driver/Src/stm32l1xx_hal.o
                0x0000000020000004                uwTickPrio
 .data.uwTickFreq
                0x0000000020000008        0x4 Drivers/STM32L1xx_HAL_Driver/Src/stm32l1xx_hal.o
                0x0000000020000008                uwTickFreq
                0x000000002000000c                . = ALIGN (0x4)
                0x000000002000000c                _edata = .

.igot.plt       0x000000002000000c        0x0 load address 0x00000000080017e0
 .igot.plt      0x000000002000000c        0x0 d:/installedprogram/cube/stm32cubeide_1.2.0/stm32cubeide/plugins/com.st.stm32cube.ide.mcu.externaltools.gnu-tools-for-stm32.7-2018-q2-update.win32_1.0.0.201904181610/tools/bin/../lib/gcc/arm-none-eabi/7.3.1/thumb/v7-m/crtbegin.o
                0x000000002000000c                . = ALIGN (0x4)

.bss            0x000000002000000c       0x24 load address 0x00000000080017e0
                0x000000002000000c                _sbss = .
                0x000000002000000c                __bss_start__ = _sbss
 *(.bss)
 .bss           0x000000002000000c       0x1c d:/installedprogram/cube/stm32cubeide_1.2.0/stm32cubeide/plugins/com.st.stm32cube.ide.mcu.externaltools.gnu-tools-for-stm32.7-2018-q2-update.win32_1.0.0.201904181610/tools/bin/../lib/gcc/arm-none-eabi/7.3.1/thumb/v7-m/crtbegin.o
 *(.bss*)
 .bss.FLAG_INTERRUPT_EVENT
                0x0000000020000028        0x1 Core/Src/main.o
                0x0000000020000028                FLAG_INTERRUPT_EVENT
 *(COMMON)
 *fill*         0x0000000020000029        0x3 
 COMMON         0x000000002000002c        0x4 Drivers/STM32L1xx_HAL_Driver/Src/stm32l1xx_hal.o
                0x000000002000002c                uwTick
                0x0000000020000030                . = ALIGN (0x4)
                0x0000000020000030                _ebss = .
                0x0000000020000030                __bss_end__ = _ebss

._user_heap_stack
                0x0000000020000030      0x600 load address 0x00000000080017e0
                0x0000000020000030                . = ALIGN (0x8)
                0x0000000020000030                PROVIDE (end = .)
                [!provide]                        PROVIDE (_end = .)
                0x0000000020000230                . = (. + _Min_Heap_Size)
 *fill*         0x0000000020000030      0x200 
                0x0000000020000630                . = (. + _Min_Stack_Size)
 *fill*         0x0000000020000230      0x400 
                0x0000000020000630                . = ALIGN (0x8)

/DISCARD/
 libc.a(*)
 libm.a(*)
 libgcc.a(*)

.ARM.attributes
                0x0000000000000000       0x29
 *(.ARM.attributes)
 .ARM.attributes
                0x0000000000000000       0x1d d:/installedprogram/cube/stm32cubeide_1.2.0/stm32cubeide/plugins/com.st.stm32cube.ide.mcu.externaltools.gnu-tools-for-stm32.7-2018-q2-update.win32_1.0.0.201904181610/tools/bin/../lib/gcc/arm-none-eabi/7.3.1/thumb/v7-m/crti.o
 .ARM.attributes
                0x000000000000001d       0x2d d:/installedprogram/cube/stm32cubeide_1.2.0/stm32cubeide/plugins/com.st.stm32cube.ide.mcu.externaltools.gnu-tools-for-stm32.7-2018-q2-update.win32_1.0.0.201904181610/tools/bin/../lib/gcc/arm-none-eabi/7.3.1/thumb/v7-m/crtbegin.o
 .ARM.attributes
                0x000000000000004a       0x33 Core/Src/main.o
 .ARM.attributes
                0x000000000000007d       0x33 Core/Src/stm32l1xx_hal_msp.o
 .ARM.attributes
                0x00000000000000b0       0x33 Core/Src/stm32l1xx_it.o
 .ARM.attributes
                0x00000000000000e3       0x33 Core/Src/system_stm32l1xx.o
 .ARM.attributes
                0x0000000000000116       0x21 Core/Startup/startup_stm32l151rbtxa.o
 .ARM.attributes
                0x0000000000000137       0x33 Drivers/STM32L1xx_HAL_Driver/Src/stm32l1xx_hal.o
 .ARM.attributes
                0x000000000000016a       0x33 Drivers/STM32L1xx_HAL_Driver/Src/stm32l1xx_hal_cortex.o
 .ARM.attributes
                0x000000000000019d       0x33 Drivers/STM32L1xx_HAL_Driver/Src/stm32l1xx_hal_gpio.o
 .ARM.attributes
                0x00000000000001d0       0x33 Drivers/STM32L1xx_HAL_Driver/Src/stm32l1xx_hal_pwr.o
 .ARM.attributes
                0x0000000000000203       0x33 Drivers/STM32L1xx_HAL_Driver/Src/stm32l1xx_hal_rcc.o
 .ARM.attributes
                0x0000000000000236       0x2d d:/installedprogram/cube/stm32cubeide_1.2.0/stm32cubeide/plugins/com.st.stm32cube.ide.mcu.externaltools.gnu-tools-for-stm32.7-2018-q2-update.win32_1.0.0.201904181610/tools/bin/../lib/gcc/arm-none-eabi/7.3.1/../../../../arm-none-eabi/lib/thumb/v7-m\libc_nano.a(lib_a-init.o)
 .ARM.attributes
                0x0000000000000263       0x2d d:/installedprogram/cube/stm32cubeide_1.2.0/stm32cubeide/plugins/com.st.stm32cube.ide.mcu.externaltools.gnu-tools-for-stm32.7-2018-q2-update.win32_1.0.0.201904181610/tools/bin/../lib/gcc/arm-none-eabi/7.3.1/../../../../arm-none-eabi/lib/thumb/v7-m\libc_nano.a(lib_a-memset.o)
 .ARM.attributes
                0x0000000000000290       0x1d d:/installedprogram/cube/stm32cubeide_1.2.0/stm32cubeide/plugins/com.st.stm32cube.ide.mcu.externaltools.gnu-tools-for-stm32.7-2018-q2-update.win32_1.0.0.201904181610/tools/bin/../lib/gcc/arm-none-eabi/7.3.1/thumb/v7-m/crtn.o
OUTPUT(l151.elf elf32-littlearm)

.debug_info     0x0000000000000000     0x3c06
 .debug_info    0x0000000000000000      0x775 Core/Src/main.o
 .debug_info    0x0000000000000775      0x290 Core/Src/stm32l1xx_hal_msp.o
 .debug_info    0x0000000000000a05      0x223 Core/Src/stm32l1xx_it.o
 .debug_info    0x0000000000000c28      0x473 Core/Src/system_stm32l1xx.o
 .debug_info    0x000000000000109b       0x22 Core/Startup/startup_stm32l151rbtxa.o
 .debug_info    0x00000000000010bd      0x6da Drivers/STM32L1xx_HAL_Driver/Src/stm32l1xx_hal.o
 .debug_info    0x0000000000001797      0xd42 Drivers/STM32L1xx_HAL_Driver/Src/stm32l1xx_hal_cortex.o
 .debug_info    0x00000000000024d9      0x690 Drivers/STM32L1xx_HAL_Driver/Src/stm32l1xx_hal_gpio.o
 .debug_info    0x0000000000002b69      0x7b5 Drivers/STM32L1xx_HAL_Driver/Src/stm32l1xx_hal_pwr.o
 .debug_info    0x000000000000331e      0x8e8 Drivers/STM32L1xx_HAL_Driver/Src/stm32l1xx_hal_rcc.o

.debug_abbrev   0x0000000000000000      0xfdb
 .debug_abbrev  0x0000000000000000      0x200 Core/Src/main.o
 .debug_abbrev  0x0000000000000200       0xef Core/Src/stm32l1xx_hal_msp.o
 .debug_abbrev  0x00000000000002ef       0xac Core/Src/stm32l1xx_it.o
 .debug_abbrev  0x000000000000039b      0x111 Core/Src/system_stm32l1xx.o
 .debug_abbrev  0x00000000000004ac       0x12 Core/Startup/startup_stm32l151rbtxa.o
 .debug_abbrev  0x00000000000004be      0x21b Drivers/STM32L1xx_HAL_Driver/Src/stm32l1xx_hal.o
 .debug_abbrev  0x00000000000006d9      0x2fa Drivers/STM32L1xx_HAL_Driver/Src/stm32l1xx_hal_cortex.o
 .debug_abbrev  0x00000000000009d3      0x1c9 Drivers/STM32L1xx_HAL_Driver/Src/stm32l1xx_hal_gpio.o
 .debug_abbrev  0x0000000000000b9c      0x1eb Drivers/STM32L1xx_HAL_Driver/Src/stm32l1xx_hal_pwr.o
 .debug_abbrev  0x0000000000000d87      0x254 Drivers/STM32L1xx_HAL_Driver/Src/stm32l1xx_hal_rcc.o

.debug_aranges  0x0000000000000000      0x4a8
 .debug_aranges
                0x0000000000000000       0x50 Core/Src/main.o
 .debug_aranges
                0x0000000000000050       0x20 Core/Src/stm32l1xx_hal_msp.o
 .debug_aranges
                0x0000000000000070       0x68 Core/Src/stm32l1xx_it.o
 .debug_aranges
                0x00000000000000d8       0x28 Core/Src/system_stm32l1xx.o
 .debug_aranges
                0x0000000000000100       0x28 Core/Startup/startup_stm32l151rbtxa.o
 .debug_aranges
                0x0000000000000128       0xe0 Drivers/STM32L1xx_HAL_Driver/Src/stm32l1xx_hal.o
 .debug_aranges
                0x0000000000000208      0x118 Drivers/STM32L1xx_HAL_Driver/Src/stm32l1xx_hal_cortex.o
 .debug_aranges
                0x0000000000000320       0x58 Drivers/STM32L1xx_HAL_Driver/Src/stm32l1xx_hal_gpio.o
 .debug_aranges
                0x0000000000000378       0xa0 Drivers/STM32L1xx_HAL_Driver/Src/stm32l1xx_hal_pwr.o
 .debug_aranges
                0x0000000000000418       0x90 Drivers/STM32L1xx_HAL_Driver/Src/stm32l1xx_hal_rcc.o

.debug_ranges   0x0000000000000000      0x410
 .debug_ranges  0x0000000000000000       0x40 Core/Src/main.o
 .debug_ranges  0x0000000000000040       0x10 Core/Src/stm32l1xx_hal_msp.o
 .debug_ranges  0x0000000000000050       0x58 Core/Src/stm32l1xx_it.o
 .debug_ranges  0x00000000000000a8       0x18 Core/Src/system_stm32l1xx.o
 .debug_ranges  0x00000000000000c0       0x20 Core/Startup/startup_stm32l151rbtxa.o
 .debug_ranges  0x00000000000000e0       0xd0 Drivers/STM32L1xx_HAL_Driver/Src/stm32l1xx_hal.o
 .debug_ranges  0x00000000000001b0      0x108 Drivers/STM32L1xx_HAL_Driver/Src/stm32l1xx_hal_cortex.o
 .debug_ranges  0x00000000000002b8       0x48 Drivers/STM32L1xx_HAL_Driver/Src/stm32l1xx_hal_gpio.o
 .debug_ranges  0x0000000000000300       0x90 Drivers/STM32L1xx_HAL_Driver/Src/stm32l1xx_hal_pwr.o
 .debug_ranges  0x0000000000000390       0x80 Drivers/STM32L1xx_HAL_Driver/Src/stm32l1xx_hal_rcc.o

.debug_macro    0x0000000000000000    0x12ac5
 .debug_macro   0x0000000000000000      0x191 Core/Src/main.o
 .debug_macro   0x0000000000000191      0xa5a Core/Src/main.o
 .debug_macro   0x0000000000000beb      0x100 Core/Src/main.o
 .debug_macro   0x0000000000000ceb       0x2e Core/Src/main.o
 .debug_macro   0x0000000000000d19       0x22 Core/Src/main.o
 .debug_macro   0x0000000000000d3b       0x22 Core/Src/main.o
 .debug_macro   0x0000000000000d5d       0x8e Core/Src/main.o
 .debug_macro   0x0000000000000deb       0x51 Core/Src/main.o
 .debug_macro   0x0000000000000e3c       0xef Core/Src/main.o
 .debug_macro   0x0000000000000f2b       0x6a Core/Src/main.o
 .debug_macro   0x0000000000000f95      0x1df Core/Src/main.o
 .debug_macro   0x0000000000001174       0x1c Core/Src/main.o
 .debug_macro   0x0000000000001190       0x22 Core/Src/main.o
 .debug_macro   0x00000000000011b2       0xc3 Core/Src/main.o
 .debug_macro   0x0000000000001275      0xe49 Core/Src/main.o
 .debug_macro   0x00000000000020be      0x11f Core/Src/main.o
 .debug_macro   0x00000000000021dd     0xa5bf Core/Src/main.o
 .debug_macro   0x000000000000c79c       0x43 Core/Src/main.o
 .debug_macro   0x000000000000c7df     0x3468 Core/Src/main.o
 .debug_macro   0x000000000000fc47      0x174 Core/Src/main.o
 .debug_macro   0x000000000000fdbb       0x5b Core/Src/main.o
 .debug_macro   0x000000000000fe16      0xe38 Core/Src/main.o
 .debug_macro   0x0000000000010c4e       0xca Core/Src/main.o
 .debug_macro   0x0000000000010d18      0x13b Core/Src/main.o
 .debug_macro   0x0000000000010e53       0xa7 Core/Src/main.o
 .debug_macro   0x0000000000010efa      0x21e Core/Src/main.o
 .debug_macro   0x0000000000011118      0x236 Core/Src/main.o
 .debug_macro   0x000000000001134e      0x10e Core/Src/main.o
 .debug_macro   0x000000000001145c      0x3a0 Core/Src/main.o
 .debug_macro   0x00000000000117fc      0x1e9 Core/Src/main.o
 .debug_macro   0x00000000000119e5       0x22 Core/Src/main.o
 .debug_macro   0x0000000000011a07      0x3dc Core/Src/main.o
 .debug_macro   0x0000000000011de3      0x191 Core/Src/stm32l1xx_hal_msp.o
 .debug_macro   0x0000000000011f74      0x19b Core/Src/stm32l1xx_it.o
 .debug_macro   0x000000000001210f      0x18d Core/Src/system_stm32l1xx.o
 .debug_macro   0x000000000001229c      0x1ab Drivers/STM32L1xx_HAL_Driver/Src/stm32l1xx_hal.o
 .debug_macro   0x0000000000012447      0x187 Drivers/STM32L1xx_HAL_Driver/Src/stm32l1xx_hal_cortex.o
 .debug_macro   0x00000000000125ce      0x1bf Drivers/STM32L1xx_HAL_Driver/Src/stm32l1xx_hal_gpio.o
 .debug_macro   0x000000000001278d      0x19f Drivers/STM32L1xx_HAL_Driver/Src/stm32l1xx_hal_pwr.o
 .debug_macro   0x000000000001292c      0x199 Drivers/STM32L1xx_HAL_Driver/Src/stm32l1xx_hal_rcc.o

.debug_line     0x0000000000000000     0x4a2d
 .debug_line    0x0000000000000000      0x780 Core/Src/main.o
 .debug_line    0x0000000000000780      0x6c3 Core/Src/stm32l1xx_hal_msp.o
 .debug_line    0x0000000000000e43      0x778 Core/Src/stm32l1xx_it.o
 .debug_line    0x00000000000015bb      0x6e9 Core/Src/system_stm32l1xx.o
 .debug_line    0x0000000000001ca4       0x85 Core/Startup/startup_stm32l151rbtxa.o
 .debug_line    0x0000000000001d29      0x89e Drivers/STM32L1xx_HAL_Driver/Src/stm32l1xx_hal.o
 .debug_line    0x00000000000025c7      0x9e9 Drivers/STM32L1xx_HAL_Driver/Src/stm32l1xx_hal_cortex.o
 .debug_line    0x0000000000002fb0      0x854 Drivers/STM32L1xx_HAL_Driver/Src/stm32l1xx_hal_gpio.o
 .debug_line    0x0000000000003804      0x862 Drivers/STM32L1xx_HAL_Driver/Src/stm32l1xx_hal_pwr.o
 .debug_line    0x0000000000004066      0x9c7 Drivers/STM32L1xx_HAL_Driver/Src/stm32l1xx_hal_rcc.o

.debug_str      0x0000000000000000    0x73418
 .debug_str     0x0000000000000000    0x72462 Core/Src/main.o
                                      0x726e7 (size before relaxing)
 .debug_str     0x0000000000072462       0x2c Core/Src/stm32l1xx_hal_msp.o
                                      0x721b9 (size before relaxing)
 .debug_str     0x000000000007248e       0xd2 Core/Src/stm32l1xx_it.o
                                      0x72207 (size before relaxing)
 .debug_str     0x0000000000072560       0xd5 Core/Src/system_stm32l1xx.o
                                      0x72251 (size before relaxing)
 .debug_str     0x0000000000072635       0x37 Core/Startup/startup_stm32l151rbtxa.o
                                         0x60 (size before relaxing)
 .debug_str     0x000000000007266c      0x2e8 Drivers/STM32L1xx_HAL_Driver/Src/stm32l1xx_hal.o
                                      0x72823 (size before relaxing)
 .debug_str     0x0000000000072954      0x3d2 Drivers/STM32L1xx_HAL_Driver/Src/stm32l1xx_hal_cortex.o
                                      0x72962 (size before relaxing)
 .debug_str     0x0000000000072d26      0x1f4 Drivers/STM32L1xx_HAL_Driver/Src/stm32l1xx_hal_gpio.o
                                      0x72475 (size before relaxing)
 .debug_str     0x0000000000072f1a      0x274 Drivers/STM32L1xx_HAL_Driver/Src/stm32l1xx_hal_pwr.o
                                      0x724a9 (size before relaxing)
 .debug_str     0x000000000007318e      0x28a Drivers/STM32L1xx_HAL_Driver/Src/stm32l1xx_hal_rcc.o
                                      0x72638 (size before relaxing)

.comment        0x0000000000000000       0x7b
 .comment       0x0000000000000000       0x7b Core/Src/main.o
                                         0x7c (size before relaxing)
 .comment       0x000000000000007b       0x7c Core/Src/stm32l1xx_hal_msp.o
 .comment       0x000000000000007b       0x7c Core/Src/stm32l1xx_it.o
 .comment       0x000000000000007b       0x7c Core/Src/system_stm32l1xx.o
 .comment       0x000000000000007b       0x7c Drivers/STM32L1xx_HAL_Driver/Src/stm32l1xx_hal.o
 .comment       0x000000000000007b       0x7c Drivers/STM32L1xx_HAL_Driver/Src/stm32l1xx_hal_cortex.o
 .comment       0x000000000000007b       0x7c Drivers/STM32L1xx_HAL_Driver/Src/stm32l1xx_hal_gpio.o
 .comment       0x000000000000007b       0x7c Drivers/STM32L1xx_HAL_Driver/Src/stm32l1xx_hal_pwr.o
 .comment       0x000000000000007b       0x7c Drivers/STM32L1xx_HAL_Driver/Src/stm32l1xx_hal_rcc.o

.debug_frame    0x0000000000000000     0x10b0
 .debug_frame   0x0000000000000000       0xfc Core/Src/main.o
 .debug_frame   0x00000000000000fc       0x38 Core/Src/stm32l1xx_hal_msp.o
 .debug_frame   0x0000000000000134      0x128 Core/Src/stm32l1xx_it.o
 .debug_frame   0x000000000000025c       0x58 Core/Src/system_stm32l1xx.o
 .debug_frame   0x00000000000002b4      0x33c Drivers/STM32L1xx_HAL_Driver/Src/stm32l1xx_hal.o
 .debug_frame   0x00000000000005f0      0x498 Drivers/STM32L1xx_HAL_Driver/Src/stm32l1xx_hal_cortex.o
 .debug_frame   0x0000000000000a88      0x14c Drivers/STM32L1xx_HAL_Driver/Src/stm32l1xx_hal_gpio.o
 .debug_frame   0x0000000000000bd4      0x274 Drivers/STM32L1xx_HAL_Driver/Src/stm32l1xx_hal_pwr.o
 .debug_frame   0x0000000000000e48      0x21c Drivers/STM32L1xx_HAL_Driver/Src/stm32l1xx_hal_rcc.o
 .debug_frame   0x0000000000001064       0x2c d:/installedprogram/cube/stm32cubeide_1.2.0/stm32cubeide/plugins/com.st.stm32cube.ide.mcu.externaltools.gnu-tools-for-stm32.7-2018-q2-update.win32_1.0.0.201904181610/tools/bin/../lib/gcc/arm-none-eabi/7.3.1/../../../../arm-none-eabi/lib/thumb/v7-m\libc_nano.a(lib_a-init.o)
 .debug_frame   0x0000000000001090       0x20 d:/installedprogram/cube/stm32cubeide_1.2.0/stm32cubeide/plugins/com.st.stm32cube.ide.mcu.externaltools.gnu-tools-for-stm32.7-2018-q2-update.win32_1.0.0.201904181610/tools/bin/../lib/gcc/arm-none-eabi/7.3.1/../../../../arm-none-eabi/lib/thumb/v7-m\libc_nano.a(lib_a-memset.o)
