Archive member included to satisfy reference by file (symbol)

d:/installedprogram/cube/stm32cubeide_1.2.0/stm32cubeide/plugins/com.st.stm32cube.ide.mcu.externaltools.gnu-tools-for-stm32.7-2018-q2-update.win32_1.0.0.201904181610/tools/bin/../lib/gcc/arm-none-eabi/7.3.1/../../../../arm-none-eabi/lib/thumb/v7-m\libc_nano.a(lib_a-errno.o)
                              Core/Src/syscalls.o (__errno)
d:/installedprogram/cube/stm32cubeide_1.2.0/stm32cubeide/plugins/com.st.stm32cube.ide.mcu.externaltools.gnu-tools-for-stm32.7-2018-q2-update.win32_1.0.0.201904181610/tools/bin/../lib/gcc/arm-none-eabi/7.3.1/../../../../arm-none-eabi/lib/thumb/v7-m\libc_nano.a(lib_a-exit.o)
                              d:/installedprogram/cube/stm32cubeide_1.2.0/stm32cubeide/plugins/com.st.stm32cube.ide.mcu.externaltools.gnu-tools-for-stm32.7-2018-q2-update.win32_1.0.0.201904181610/tools/bin/../lib/gcc/arm-none-eabi/7.3.1/../../../../arm-none-eabi/lib/thumb/v7-m/crt0.o (exit)
d:/installedprogram/cube/stm32cubeide_1.2.0/stm32cubeide/plugins/com.st.stm32cube.ide.mcu.externaltools.gnu-tools-for-stm32.7-2018-q2-update.win32_1.0.0.201904181610/tools/bin/../lib/gcc/arm-none-eabi/7.3.1/../../../../arm-none-eabi/lib/thumb/v7-m\libc_nano.a(lib_a-impure.o)
                              d:/installedprogram/cube/stm32cubeide_1.2.0/stm32cubeide/plugins/com.st.stm32cube.ide.mcu.externaltools.gnu-tools-for-stm32.7-2018-q2-update.win32_1.0.0.201904181610/tools/bin/../lib/gcc/arm-none-eabi/7.3.1/../../../../arm-none-eabi/lib/thumb/v7-m\libc_nano.a(lib_a-exit.o) (_global_impure_ptr)
d:/installedprogram/cube/stm32cubeide_1.2.0/stm32cubeide/plugins/com.st.stm32cube.ide.mcu.externaltools.gnu-tools-for-stm32.7-2018-q2-update.win32_1.0.0.201904181610/tools/bin/../lib/gcc/arm-none-eabi/7.3.1/../../../../arm-none-eabi/lib/thumb/v7-m\libc_nano.a(lib_a-init.o)
                              d:/installedprogram/cube/stm32cubeide_1.2.0/stm32cubeide/plugins/com.st.stm32cube.ide.mcu.externaltools.gnu-tools-for-stm32.7-2018-q2-update.win32_1.0.0.201904181610/tools/bin/../lib/gcc/arm-none-eabi/7.3.1/../../../../arm-none-eabi/lib/thumb/v7-m/crt0.o (__libc_init_array)
d:/installedprogram/cube/stm32cubeide_1.2.0/stm32cubeide/plugins/com.st.stm32cube.ide.mcu.externaltools.gnu-tools-for-stm32.7-2018-q2-update.win32_1.0.0.201904181610/tools/bin/../lib/gcc/arm-none-eabi/7.3.1/../../../../arm-none-eabi/lib/thumb/v7-m\libc_nano.a(lib_a-memset.o)
                              d:/installedprogram/cube/stm32cubeide_1.2.0/stm32cubeide/plugins/com.st.stm32cube.ide.mcu.externaltools.gnu-tools-for-stm32.7-2018-q2-update.win32_1.0.0.201904181610/tools/bin/../lib/gcc/arm-none-eabi/7.3.1/../../../../arm-none-eabi/lib/thumb/v7-m/crt0.o (memset)

Allocating common symbols
Common symbol       size              file

uwTick              0x4               Drivers/STM32L1xx_HAL_Driver/Src/stm32l1xx_hal.o
pFlash              0x18              Drivers/STM32L1xx_HAL_Driver/Src/stm32l1xx_hal_flash.o

Discarded input sections

 .text          0x0000000000000000        0x0 d:/installedprogram/cube/stm32cubeide_1.2.0/stm32cubeide/plugins/com.st.stm32cube.ide.mcu.externaltools.gnu-tools-for-stm32.7-2018-q2-update.win32_1.0.0.201904181610/tools/bin/../lib/gcc/arm-none-eabi/7.3.1/thumb/v7-m/crti.o
 .data          0x0000000000000000        0x0 d:/installedprogram/cube/stm32cubeide_1.2.0/stm32cubeide/plugins/com.st.stm32cube.ide.mcu.externaltools.gnu-tools-for-stm32.7-2018-q2-update.win32_1.0.0.201904181610/tools/bin/../lib/gcc/arm-none-eabi/7.3.1/thumb/v7-m/crti.o
 .bss           0x0000000000000000        0x0 d:/installedprogram/cube/stm32cubeide_1.2.0/stm32cubeide/plugins/com.st.stm32cube.ide.mcu.externaltools.gnu-tools-for-stm32.7-2018-q2-update.win32_1.0.0.201904181610/tools/bin/../lib/gcc/arm-none-eabi/7.3.1/thumb/v7-m/crti.o
 .data          0x0000000000000000        0x4 d:/installedprogram/cube/stm32cubeide_1.2.0/stm32cubeide/plugins/com.st.stm32cube.ide.mcu.externaltools.gnu-tools-for-stm32.7-2018-q2-update.win32_1.0.0.201904181610/tools/bin/../lib/gcc/arm-none-eabi/7.3.1/thumb/v7-m/crtbegin.o
 .text          0x0000000000000000       0x74 d:/installedprogram/cube/stm32cubeide_1.2.0/stm32cubeide/plugins/com.st.stm32cube.ide.mcu.externaltools.gnu-tools-for-stm32.7-2018-q2-update.win32_1.0.0.201904181610/tools/bin/../lib/gcc/arm-none-eabi/7.3.1/../../../../arm-none-eabi/lib/thumb/v7-m/crt0.o
 .data          0x0000000000000000        0x0 d:/installedprogram/cube/stm32cubeide_1.2.0/stm32cubeide/plugins/com.st.stm32cube.ide.mcu.externaltools.gnu-tools-for-stm32.7-2018-q2-update.win32_1.0.0.201904181610/tools/bin/../lib/gcc/arm-none-eabi/7.3.1/../../../../arm-none-eabi/lib/thumb/v7-m/crt0.o
 .bss           0x0000000000000000        0x0 d:/installedprogram/cube/stm32cubeide_1.2.0/stm32cubeide/plugins/com.st.stm32cube.ide.mcu.externaltools.gnu-tools-for-stm32.7-2018-q2-update.win32_1.0.0.201904181610/tools/bin/../lib/gcc/arm-none-eabi/7.3.1/../../../../arm-none-eabi/lib/thumb/v7-m/crt0.o
[...]
Memory Configuration

Name             Origin             Length             Attributes
RAM              0x0000000020000000 0x0000000000008000 xrw
FLASH            0x0000000008000000 0x0000000000020000 xr
*default*        0x0000000000000000 0xffffffffffffffff

Linker script and memory map

LOAD d:/installedprogram/cube/stm32cubeide_1.2.0/stm32cubeide/plugins/com.st.stm32cube.ide.mcu.externaltools.gnu-tools-for-stm32.7-2018-q2-update.win32_1.0.0.201904181610/tools/bin/../lib/gcc/arm-none-eabi/7.3.1/thumb/v7-m/crti.o
LOAD d:/installedprogram/cube/stm32cubeide_1.2.0/stm32cubeide/plugins/com.st.stm32cube.ide.mcu.externaltools.gnu-tools-for-stm32.7-2018-q2-update.win32_1.0.0.201904181610/tools/bin/../lib/gcc/arm-none-eabi/7.3.1/thumb/v7-m/crtbegin.o
LOAD d:/installedprogram/cube/stm32cubeide_1.2.0/stm32cubeide/plugins/com.st.stm32cube.ide.mcu.externaltools.gnu-tools-for-stm32.7-2018-q2-update.win32_1.0.0.201904181610/tools/bin/../lib/gcc/arm-none-eabi/7.3.1/../../../../arm-none-eabi/lib/thumb/v7-m/crt0.o
LOAD Core/Src/main.o
LOAD Core/Src/stm32l1xx_hal_msp.o
LOAD Core/Src/stm32l1xx_it.o
LOAD Core/Src/syscalls.o
LOAD Core/Src/sysmem.o
LOAD Core/Src/system_stm32l1xx.o
LOAD Core/Startup/startup_stm32l151rbtxa.o
LOAD Drivers/STM32L1xx_HAL_Driver/Src/stm32l1xx_hal.o
LOAD Drivers/STM32L1xx_HAL_Driver/Src/stm32l1xx_hal_cortex.o
LOAD Drivers/STM32L1xx_HAL_Driver/Src/stm32l1xx_hal_dma.o
LOAD Drivers/STM32L1xx_HAL_Driver/Src/stm32l1xx_hal_flash.o
LOAD Drivers/STM32L1xx_HAL_Driver/Src/stm32l1xx_hal_flash_ex.o
LOAD Drivers/STM32L1xx_HAL_Driver/Src/stm32l1xx_hal_flash_ramfunc.o
LOAD Drivers/STM32L1xx_HAL_Driver/Src/stm32l1xx_hal_gpio.o
LOAD Drivers/STM32L1xx_HAL_Driver/Src/stm32l1xx_hal_pwr.o
LOAD Drivers/STM32L1xx_HAL_Driver/Src/stm32l1xx_hal_pwr_ex.o
LOAD Drivers/STM32L1xx_HAL_Driver/Src/stm32l1xx_hal_rcc.o
LOAD Drivers/STM32L1xx_HAL_Driver/Src/stm32l1xx_hal_rcc_ex.o
LOAD Drivers/STM32L1xx_HAL_Driver/Src/stm32l1xx_hal_tim.o
LOAD Drivers/STM32L1xx_HAL_Driver/Src/stm32l1xx_hal_tim_ex.o
START GROUP
LOAD d:/installedprogram/cube/stm32cubeide_1.2.0/stm32cubeide/plugins/com.st.stm32cube.ide.mcu.externaltools.gnu-tools-for-stm32.7-2018-q2-update.win32_1.0.0.201904181610/tools/bin/../lib/gcc/arm-none-eabi/7.3.1/../../../../arm-none-eabi/lib/thumb/v7-m\libc_nano.a
LOAD d:/installedprogram/cube/stm32cubeide_1.2.0/stm32cubeide/plugins/com.st.stm32cube.ide.mcu.externaltools.gnu-tools-for-stm32.7-2018-q2-update.win32_1.0.0.201904181610/tools/bin/../lib/gcc/arm-none-eabi/7.3.1/../../../../arm-none-eabi/lib/thumb/v7-m\libm.a
END GROUP
START GROUP
LOAD d:/installedprogram/cube/stm32cubeide_1.2.0/stm32cubeide/plugins/com.st.stm32cube.ide.mcu.externaltools.gnu-tools-for-stm32.7-2018-q2-update.win32_1.0.0.201904181610/tools/bin/../lib/gcc/arm-none-eabi/7.3.1/thumb/v7-m\libgcc.a
LOAD d:/installedprogram/cube/stm32cubeide_1.2.0/stm32cubeide/plugins/com.st.stm32cube.ide.mcu.externaltools.gnu-tools-for-stm32.7-2018-q2-update.win32_1.0.0.201904181610/tools/bin/../lib/gcc/arm-none-eabi/7.3.1/../../../../arm-none-eabi/lib/thumb/v7-m\libc_nano.a
END GROUP
START GROUP
LOAD d:/installedprogram/cube/stm32cubeide_1.2.0/stm32cubeide/plugins/com.st.stm32cube.ide.mcu.externaltools.gnu-tools-for-stm32.7-2018-q2-update.win32_1.0.0.201904181610/tools/bin/../lib/gcc/arm-none-eabi/7.3.1/thumb/v7-m\libgcc.a
LOAD d:/installedprogram/cube/stm32cubeide_1.2.0/stm32cubeide/plugins/com.st.stm32cube.ide.mcu.externaltools.gnu-tools-for-stm32.7-2018-q2-update.win32_1.0.0.201904181610/tools/bin/../lib/gcc/arm-none-eabi/7.3.1/../../../../arm-none-eabi/lib/thumb/v7-m\libc_nano.a
LOAD d:/installedprogram/cube/stm32cubeide_1.2.0/stm32cubeide/plugins/com.st.stm32cube.ide.mcu.externaltools.gnu-tools-for-stm32.7-2018-q2-update.win32_1.0.0.201904181610/tools/bin/../lib/gcc/arm-none-eabi/7.3.1/../../../../arm-none-eabi/lib/thumb/v7-m\libnosys.a
END GROUP
START GROUP
LOAD d:/installedprogram/cube/stm32cubeide_1.2.0/stm32cubeide/plugins/com.st.stm32cube.ide.mcu.externaltools.gnu-tools-for-stm32.7-2018-q2-update.win32_1.0.0.201904181610/tools/bin/../lib/gcc/arm-none-eabi/7.3.1/thumb/v7-m\libgcc.a
LOAD d:/installedprogram/cube/stm32cubeide_1.2.0/stm32cubeide/plugins/com.st.stm32cube.ide.mcu.externaltools.gnu-tools-for-stm32.7-2018-q2-update.win32_1.0.0.201904181610/tools/bin/../lib/gcc/arm-none-eabi/7.3.1/../../../../arm-none-eabi/lib/thumb/v7-m\libc_nano.a
LOAD d:/installedprogram/cube/stm32cubeide_1.2.0/stm32cubeide/plugins/com.st.stm32cube.ide.mcu.externaltools.gnu-tools-for-stm32.7-2018-q2-update.win32_1.0.0.201904181610/tools/bin/../lib/gcc/arm-none-eabi/7.3.1/../../../../arm-none-eabi/lib/thumb/v7-m\libnosys.a
END GROUP
LOAD d:/installedprogram/cube/stm32cubeide_1.2.0/stm32cubeide/plugins/com.st.stm32cube.ide.mcu.externaltools.gnu-tools-for-stm32.7-2018-q2-update.win32_1.0.0.201904181610/tools/bin/../lib/gcc/arm-none-eabi/7.3.1/thumb/v7-m/crtend.o
LOAD d:/installedprogram/cube/stm32cubeide_1.2.0/stm32cubeide/plugins/com.st.stm32cube.ide.mcu.externaltools.gnu-tools-for-stm32.7-2018-q2-update.win32_1.0.0.201904181610/tools/bin/../lib/gcc/arm-none-eabi/7.3.1/thumb/v7-m/crtn.o
                0x0000000020008000                _estack = (ORIGIN (RAM) + LENGTH (RAM))
                0x0000000000000200                _Min_Heap_Size = 0x200
                0x0000000000000400                _Min_Stack_Size = 0x400

.isr_vector     0x0000000008000000      0x13c
                0x0000000008000000                . = ALIGN (0x4)
 *(.isr_vector)
 .isr_vector    0x0000000008000000      0x13c Core/Startup/startup_stm32l151rbtxa.o
                0x0000000008000000                g_pfnVectors
                0x000000000800013c                . = ALIGN (0x4)

.text           0x000000000800013c     0x15dc
                0x000000000800013c                . = ALIGN (0x4)
 *(.text)
 .text          0x000000000800013c       0x40 d:/installedprogram/cube/stm32cubeide_1.2.0/stm32cubeide/plugins/com.st.stm32cube.ide.mcu.externaltools.gnu-tools-for-stm32.7-2018-q2-update.win32_1.0.0.201904181610/tools/bin/../lib/gcc/arm-none-eabi/7.3.1/thumb/v7-m/crtbegin.o
 *(.text*)
 .text.main     0x000000000800017c       0x44 Core/Src/main.o
                0x000000000800017c                main
 .text.SystemClock_Config
                0x00000000080001c0       0x94 Core/Src/main.o
                0x00000000080001c0                SystemClock_Config
 .text.MX_GPIO_Init
                0x0000000008000254       0xe8 Core/Src/main.o
 .text.HAL_GPIO_EXTI_Callback
                0x000000000800033c       0x2c Core/Src/main.o
                0x000000000800033c                HAL_GPIO_EXTI_Callback
 .text.Error_Handler
                0x0000000008000368        0xc Core/Src/main.o
                0x0000000008000368                Error_Handler
 .text.HAL_MspInit
                0x0000000008000374       0x5c Core/Src/stm32l1xx_hal_msp.o
                0x0000000008000374                HAL_MspInit
 .text.NMI_Handler
                0x00000000080003d0        0xc Core/Src/stm32l1xx_it.o
                0x00000000080003d0                NMI_Handler
 .text.HardFault_Handler
                0x00000000080003dc        0x6 Core/Src/stm32l1xx_it.o
                0x00000000080003dc                HardFault_Handler
 .text.MemManage_Handler
                0x00000000080003e2        0x6 Core/Src/stm32l1xx_it.o
                0x00000000080003e2                MemManage_Handler
 .text.BusFault_Handler
                0x00000000080003e8        0x6 Core/Src/stm32l1xx_it.o
                0x00000000080003e8                BusFault_Handler
 .text.UsageFault_Handler
                0x00000000080003ee        0x6 Core/Src/stm32l1xx_it.o
                0x00000000080003ee                UsageFault_Handler
 .text.SVC_Handler
                0x00000000080003f4        0xc Core/Src/stm32l1xx_it.o
                0x00000000080003f4                SVC_Handler
 .text.DebugMon_Handler
                0x0000000008000400        0xc Core/Src/stm32l1xx_it.o
                0x0000000008000400                DebugMon_Handler
 .text.PendSV_Handler
                0x000000000800040c        0xc Core/Src/stm32l1xx_it.o
                0x000000000800040c                PendSV_Handler
 .text.SysTick_Handler
                0x0000000008000418        0xc Core/Src/stm32l1xx_it.o
                0x0000000008000418                SysTick_Handler
 .text.EXTI15_10_IRQHandler
                0x0000000008000424       0x10 Core/Src/stm32l1xx_it.o
                0x0000000008000424                EXTI15_10_IRQHandler
 .text.SystemInit
                0x0000000008000434       0x68 Core/Src/system_stm32l1xx.o
                0x0000000008000434                SystemInit
 .text.Reset_Handler
                0x000000000800049c       0x48 Core/Startup/startup_stm32l151rbtxa.o
                0x000000000800049c                Reset_Handler
 .text.Default_Handler
                0x00000000080004e4        0x2 Core/Startup/startup_stm32l151rbtxa.o
                0x00000000080004e4                RTC_Alarm_IRQHandler
                0x00000000080004e4                EXTI2_IRQHandler
                0x00000000080004e4                TIM10_IRQHandler
                0x00000000080004e4                USB_HP_IRQHandler
                0x00000000080004e4                TIM6_IRQHandler
                0x00000000080004e4                PVD_IRQHandler
                0x00000000080004e4                EXTI3_IRQHandler
                0x00000000080004e4                EXTI0_IRQHandler
                0x00000000080004e4                I2C2_EV_IRQHandler
                0x00000000080004e4                SPI1_IRQHandler
                0x00000000080004e4                USB_FS_WKUP_IRQHandler
                0x00000000080004e4                DMA1_Channel4_IRQHandler
                0x00000000080004e4                ADC1_IRQHandler
                0x00000000080004e4                USART3_IRQHandler
                0x00000000080004e4                DMA1_Channel7_IRQHandler
                0x00000000080004e4                TIM4_IRQHandler
                0x00000000080004e4                I2C1_EV_IRQHandler
                0x00000000080004e4                DMA1_Channel6_IRQHandler
                0x00000000080004e4                TIM3_IRQHandler
                0x00000000080004e4                RCC_IRQHandler
                0x00000000080004e4                DMA1_Channel1_IRQHandler
                0x00000000080004e4                Default_Handler
                0x00000000080004e4                TIM7_IRQHandler
                0x00000000080004e4                EXTI9_5_IRQHandler
                0x00000000080004e4                TIM9_IRQHandler
                0x00000000080004e4                TAMPER_STAMP_IRQHandler
                0x00000000080004e4                RTC_WKUP_IRQHandler
                0x00000000080004e4                SPI2_IRQHandler
                0x00000000080004e4                DMA1_Channel5_IRQHandler
                0x00000000080004e4                USB_LP_IRQHandler
                0x00000000080004e4                EXTI4_IRQHandler
                0x00000000080004e4                DMA1_Channel3_IRQHandler
                0x00000000080004e4                COMP_IRQHandler
                0x00000000080004e4                WWDG_IRQHandler
                0x00000000080004e4                TIM2_IRQHandler
                0x00000000080004e4                DAC_IRQHandler
                0x00000000080004e4                EXTI1_IRQHandler
                0x00000000080004e4                TIM11_IRQHandler
                0x00000000080004e4                USART2_IRQHandler
                0x00000000080004e4                I2C2_ER_IRQHandler
                0x00000000080004e4                DMA1_Channel2_IRQHandler
                0x00000000080004e4                FLASH_IRQHandler
                0x00000000080004e4                USART1_IRQHandler
                0x00000000080004e4                I2C1_ER_IRQHandler
 .text.HAL_Init
                0x00000000080004e6       0x30 Drivers/STM32L1xx_HAL_Driver/Src/stm32l1xx_hal.o
                0x00000000080004e6                HAL_Init
 *fill*         0x0000000008000516        0x2 
 .text.HAL_InitTick
                0x0000000008000518       0x74 Drivers/STM32L1xx_HAL_Driver/Src/stm32l1xx_hal.o
                0x0000000008000518                HAL_InitTick
 .text.HAL_IncTick
                0x000000000800058c       0x24 Drivers/STM32L1xx_HAL_Driver/Src/stm32l1xx_hal.o
                0x000000000800058c                HAL_IncTick
 .text.HAL_GetTick
                0x00000000080005b0       0x14 Drivers/STM32L1xx_HAL_Driver/Src/stm32l1xx_hal.o
                0x00000000080005b0                HAL_GetTick
 .text.HAL_Delay
                0x00000000080005c4       0x44 Drivers/STM32L1xx_HAL_Driver/Src/stm32l1xx_hal.o
                0x00000000080005c4                HAL_Delay
 .text.HAL_SuspendTick
                0x0000000008000608       0x1c Drivers/STM32L1xx_HAL_Driver/Src/stm32l1xx_hal.o
                0x0000000008000608                HAL_SuspendTick
 .text.HAL_ResumeTick
                0x0000000008000624       0x1c Drivers/STM32L1xx_HAL_Driver/Src/stm32l1xx_hal.o
                0x0000000008000624                HAL_ResumeTick
 .text.__NVIC_SetPriorityGrouping
                0x0000000008000640       0x48 Drivers/STM32L1xx_HAL_Driver/Src/stm32l1xx_hal_cortex.o
 .text.__NVIC_GetPriorityGrouping
                0x0000000008000688       0x1c Drivers/STM32L1xx_HAL_Driver/Src/stm32l1xx_hal_cortex.o
 .text.__NVIC_EnableIRQ
                0x00000000080006a4       0x38 Drivers/STM32L1xx_HAL_Driver/Src/stm32l1xx_hal_cortex.o
 .text.__NVIC_SetPriority
                0x00000000080006dc       0x54 Drivers/STM32L1xx_HAL_Driver/Src/stm32l1xx_hal_cortex.o
 .text.NVIC_EncodePriority
                0x0000000008000730       0x64 Drivers/STM32L1xx_HAL_Driver/Src/stm32l1xx_hal_cortex.o
 .text.SysTick_Config
                0x0000000008000794       0x44 Drivers/STM32L1xx_HAL_Driver/Src/stm32l1xx_hal_cortex.o
 .text.HAL_NVIC_SetPriorityGrouping
                0x00000000080007d8       0x16 Drivers/STM32L1xx_HAL_Driver/Src/stm32l1xx_hal_cortex.o
                0x00000000080007d8                HAL_NVIC_SetPriorityGrouping
 .text.HAL_NVIC_SetPriority
                0x00000000080007ee       0x38 Drivers/STM32L1xx_HAL_Driver/Src/stm32l1xx_hal_cortex.o
                0x00000000080007ee                HAL_NVIC_SetPriority
 .text.HAL_NVIC_EnableIRQ
                0x0000000008000826       0x1c Drivers/STM32L1xx_HAL_Driver/Src/stm32l1xx_hal_cortex.o
                0x0000000008000826                HAL_NVIC_EnableIRQ
 .text.HAL_SYSTICK_Config
                0x0000000008000842       0x18 Drivers/STM32L1xx_HAL_Driver/Src/stm32l1xx_hal_cortex.o
                0x0000000008000842                HAL_SYSTICK_Config
 *fill*         0x000000000800085a        0x2 
 .text.HAL_GPIO_Init
                0x000000000800085c      0x2fc Drivers/STM32L1xx_HAL_Driver/Src/stm32l1xx_hal_gpio.o
                0x000000000800085c                HAL_GPIO_Init
 .text.HAL_GPIO_WritePin
                0x0000000008000b58       0x30 Drivers/STM32L1xx_HAL_Driver/Src/stm32l1xx_hal_gpio.o
                0x0000000008000b58                HAL_GPIO_WritePin
 .text.HAL_GPIO_EXTI_IRQHandler
                0x0000000008000b88       0x30 Drivers/STM32L1xx_HAL_Driver/Src/stm32l1xx_hal_gpio.o
                0x0000000008000b88                HAL_GPIO_EXTI_IRQHandler
 .text.HAL_PWR_EnterSLEEPMode
                0x0000000008000bb8       0x4c Drivers/STM32L1xx_HAL_Driver/Src/stm32l1xx_hal_pwr.o
                0x0000000008000bb8                HAL_PWR_EnterSLEEPMode
 .text.HAL_RCC_OscConfig
                0x0000000008000c04      0x660 Drivers/STM32L1xx_HAL_Driver/Src/stm32l1xx_hal_rcc.o
                0x0000000008000c04                HAL_RCC_OscConfig
 .text.HAL_RCC_ClockConfig
                0x0000000008001264      0x268 Drivers/STM32L1xx_HAL_Driver/Src/stm32l1xx_hal_rcc.o
                0x0000000008001264                HAL_RCC_ClockConfig
 .text.HAL_RCC_MCOConfig
                0x00000000080014cc       0x6c Drivers/STM32L1xx_HAL_Driver/Src/stm32l1xx_hal_rcc.o
                0x00000000080014cc                HAL_RCC_MCOConfig
 .text.HAL_RCC_GetSysClockFreq
                0x0000000008001538       0xb0 Drivers/STM32L1xx_HAL_Driver/Src/stm32l1xx_hal_rcc.o
                0x0000000008001538                HAL_RCC_GetSysClockFreq
 .text.RCC_SetFlashLatencyFromMSIRange
                0x00000000080015e8       0xc0 Drivers/STM32L1xx_HAL_Driver/Src/stm32l1xx_hal_rcc.o
 .text.__libc_init_array
                0x00000000080016a8       0x48 d:/installedprogram/cube/stm32cubeide_1.2.0/stm32cubeide/plugins/com.st.stm32cube.ide.mcu.externaltools.gnu-tools-for-stm32.7-2018-q2-update.win32_1.0.0.201904181610/tools/bin/../lib/gcc/arm-none-eabi/7.3.1/../../../../arm-none-eabi/lib/thumb/v7-m\libc_nano.a(lib_a-init.o)
                0x00000000080016a8                __libc_init_array
 .text.memset   0x00000000080016f0       0x10 d:/installedprogram/cube/stm32cubeide_1.2.0/stm32cubeide/plugins/com.st.stm32cube.ide.mcu.externaltools.gnu-tools-for-stm32.7-2018-q2-update.win32_1.0.0.201904181610/tools/bin/../lib/gcc/arm-none-eabi/7.3.1/../../../../arm-none-eabi/lib/thumb/v7-m\libc_nano.a(lib_a-memset.o)
                0x00000000080016f0                memset
 *(.glue_7)
 .glue_7        0x0000000008001700        0x0 linker stubs
 *(.glue_7t)
 .glue_7t       0x0000000008001700        0x0 linker stubs
 *(.eh_frame)
 .eh_frame      0x0000000008001700        0x0 d:/installedprogram/cube/stm32cubeide_1.2.0/stm32cubeide/plugins/com.st.stm32cube.ide.mcu.externaltools.gnu-tools-for-stm32.7-2018-q2-update.win32_1.0.0.201904181610/tools/bin/../lib/gcc/arm-none-eabi/7.3.1/thumb/v7-m/crtbegin.o
 *(.init)
 .init          0x0000000008001700        0x4 d:/installedprogram/cube/stm32cubeide_1.2.0/stm32cubeide/plugins/com.st.stm32cube.ide.mcu.externaltools.gnu-tools-for-stm32.7-2018-q2-update.win32_1.0.0.201904181610/tools/bin/../lib/gcc/arm-none-eabi/7.3.1/thumb/v7-m/crti.o
                0x0000000008001700                _init
 .init          0x0000000008001704        0x8 d:/installedprogram/cube/stm32cubeide_1.2.0/stm32cubeide/plugins/com.st.stm32cube.ide.mcu.externaltools.gnu-tools-for-stm32.7-2018-q2-update.win32_1.0.0.201904181610/tools/bin/../lib/gcc/arm-none-eabi/7.3.1/thumb/v7-m/crtn.o
 *(.fini)
 .fini          0x000000000800170c        0x4 d:/installedprogram/cube/stm32cubeide_1.2.0/stm32cubeide/plugins/com.st.stm32cube.ide.mcu.externaltools.gnu-tools-for-stm32.7-2018-q2-update.win32_1.0.0.201904181610/tools/bin/../lib/gcc/arm-none-eabi/7.3.1/thumb/v7-m/crti.o
                0x000000000800170c                _fini
 .fini          0x0000000008001710        0x8 d:/installedprogram/cube/stm32cubeide_1.2.0/stm32cubeide/plugins/com.st.stm32cube.ide.mcu.externaltools.gnu-tools-for-stm32.7-2018-q2-update.win32_1.0.0.201904181610/tools/bin/../lib/gcc/arm-none-eabi/7.3.1/thumb/v7-m/crtn.o
                0x0000000008001718                . = ALIGN (0x4)
                0x0000000008001718                _etext = .

.vfp11_veneer   0x0000000008001718        0x0
 .vfp11_veneer  0x0000000008001718        0x0 linker stubs

.v4_bx          0x0000000008001718        0x0
 .v4_bx         0x0000000008001718        0x0 linker stubs

.iplt           0x0000000008001718        0x0
 .iplt          0x0000000008001718        0x0 d:/installedprogram/cube/stm32cubeide_1.2.0/stm32cubeide/plugins/com.st.stm32cube.ide.mcu.externaltools.gnu-tools-for-stm32.7-2018-q2-update.win32_1.0.0.201904181610/tools/bin/../lib/gcc/arm-none-eabi/7.3.1/thumb/v7-m/crtbegin.o

.rodata         0x0000000008001718       0x1c
                0x0000000008001718                . = ALIGN (0x4)
 *(.rodata)
 *(.rodata*)
 .rodata.PLLMulTable
                0x0000000008001718        0x9 Core/Src/system_stm32l1xx.o
                0x0000000008001718                PLLMulTable
 *fill*         0x0000000008001721        0x3 
 .rodata.AHBPrescTable
                0x0000000008001724       0x10 Core/Src/system_stm32l1xx.o
                0x0000000008001724                AHBPrescTable
                0x0000000008001734                . = ALIGN (0x4)

.rel.dyn        0x0000000008001734        0x0
 .rel.iplt      0x0000000008001734        0x0 d:/installedprogram/cube/stm32cubeide_1.2.0/stm32cubeide/plugins/com.st.stm32cube.ide.mcu.externaltools.gnu-tools-for-stm32.7-2018-q2-update.win32_1.0.0.201904181610/tools/bin/../lib/gcc/arm-none-eabi/7.3.1/thumb/v7-m/crtbegin.o

.ARM.extab      0x0000000008001734        0x0
                0x0000000008001734                . = ALIGN (0x4)
 *(.ARM.extab* .gnu.linkonce.armextab.*)
                0x0000000008001734                . = ALIGN (0x4)

.ARM            0x0000000008001734        0x0
                0x0000000008001734                . = ALIGN (0x4)
                0x0000000008001734                __exidx_start = .
 *(.ARM.exidx*)
                0x0000000008001734                __exidx_end = .
                0x0000000008001734                . = ALIGN (0x4)

.preinit_array  0x0000000008001734        0x0
                0x0000000008001734                . = ALIGN (0x4)
                0x0000000008001734                PROVIDE (__preinit_array_start = .)
 *(.preinit_array*)
                0x0000000008001734                PROVIDE (__preinit_array_end = .)
                0x0000000008001734                . = ALIGN (0x4)

.init_array     0x0000000008001734        0x4
                0x0000000008001734                . = ALIGN (0x4)
                0x0000000008001734                PROVIDE (__init_array_start = .)
 *(SORT_BY_NAME(.init_array.*))
 *(.init_array*)
 .init_array    0x0000000008001734        0x4 d:/installedprogram/cube/stm32cubeide_1.2.0/stm32cubeide/plugins/com.st.stm32cube.ide.mcu.externaltools.gnu-tools-for-stm32.7-2018-q2-update.win32_1.0.0.201904181610/tools/bin/../lib/gcc/arm-none-eabi/7.3.1/thumb/v7-m/crtbegin.o
                0x0000000008001738                PROVIDE (__init_array_end = .)
                0x0000000008001738                . = ALIGN (0x4)

.fini_array     0x0000000008001738        0x4
                0x0000000008001738                . = ALIGN (0x4)
                [!provide]                        PROVIDE (__fini_array_start = .)
 *(SORT_BY_NAME(.fini_array.*))
 *(.fini_array*)
 .fini_array    0x0000000008001738        0x4 d:/installedprogram/cube/stm32cubeide_1.2.0/stm32cubeide/plugins/com.st.stm32cube.ide.mcu.externaltools.gnu-tools-for-stm32.7-2018-q2-update.win32_1.0.0.201904181610/tools/bin/../lib/gcc/arm-none-eabi/7.3.1/thumb/v7-m/crtbegin.o
                [!provide]                        PROVIDE (__fini_array_end = .)
                0x000000000800173c                . = ALIGN (0x4)
                0x000000000800173c                _sidata = LOADADDR (.data)

.data           0x0000000020000000        0xc load address 0x000000000800173c
                0x0000000020000000                . = ALIGN (0x4)
                0x0000000020000000                _sdata = .
 *(.data)
 *(.data*)
 .data.SystemCoreClock
                0x0000000020000000        0x4 Core/Src/system_stm32l1xx.o
                0x0000000020000000                SystemCoreClock
 .data.uwTickPrio
                0x0000000020000004        0x4 Drivers/STM32L1xx_HAL_Driver/Src/stm32l1xx_hal.o
                0x0000000020000004                uwTickPrio
 .data.uwTickFreq
                0x0000000020000008        0x4 Drivers/STM32L1xx_HAL_Driver/Src/stm32l1xx_hal.o
                0x0000000020000008                uwTickFreq
                0x000000002000000c                . = ALIGN (0x4)
                0x000000002000000c                _edata = .

.igot.plt       0x000000002000000c        0x0 load address 0x0000000008001748
 .igot.plt      0x000000002000000c        0x0 d:/installedprogram/cube/stm32cubeide_1.2.0/stm32cubeide/plugins/com.st.stm32cube.ide.mcu.externaltools.gnu-tools-for-stm32.7-2018-q2-update.win32_1.0.0.201904181610/tools/bin/../lib/gcc/arm-none-eabi/7.3.1/thumb/v7-m/crtbegin.o
                0x000000002000000c                . = ALIGN (0x4)

.bss            0x000000002000000c       0x20 load address 0x0000000008001748
                0x000000002000000c                _sbss = .
                0x000000002000000c                __bss_start__ = _sbss
 *(.bss)
 .bss           0x000000002000000c       0x1c d:/installedprogram/cube/stm32cubeide_1.2.0/stm32cubeide/plugins/com.st.stm32cube.ide.mcu.externaltools.gnu-tools-for-stm32.7-2018-q2-update.win32_1.0.0.201904181610/tools/bin/../lib/gcc/arm-none-eabi/7.3.1/thumb/v7-m/crtbegin.o
 *(.bss*)
 *(COMMON)
 COMMON         0x0000000020000028        0x4 Drivers/STM32L1xx_HAL_Driver/Src/stm32l1xx_hal.o
                0x0000000020000028                uwTick
                0x000000002000002c                . = ALIGN (0x4)
                0x000000002000002c                _ebss = .
                0x000000002000002c                __bss_end__ = _ebss

._user_heap_stack
                0x000000002000002c      0x604 load address 0x0000000008001748
                0x0000000020000030                . = ALIGN (0x8)
 *fill*         0x000000002000002c        0x4 
                0x0000000020000030                PROVIDE (end = .)
                [!provide]                        PROVIDE (_end = .)
                0x0000000020000230                . = (. + _Min_Heap_Size)
 *fill*         0x0000000020000030      0x200 
                0x0000000020000630                . = (. + _Min_Stack_Size)
 *fill*         0x0000000020000230      0x400 
                0x0000000020000630                . = ALIGN (0x8)

/DISCARD/
 libc.a(*)
 libm.a(*)
 libgcc.a(*)

.ARM.attributes
                0x0000000000000000       0x29
 *(.ARM.attributes)
 .ARM.attributes
                0x0000000000000000       0x1d d:/installedprogram/cube/stm32cubeide_1.2.0/stm32cubeide/plugins/com.st.stm32cube.ide.mcu.externaltools.gnu-tools-for-stm32.7-2018-q2-update.win32_1.0.0.201904181610/tools/bin/../lib/gcc/arm-none-eabi/7.3.1/thumb/v7-m/crti.o
 .ARM.attributes
                0x000000000000001d       0x2d d:/installedprogram/cube/stm32cubeide_1.2.0/stm32cubeide/plugins/com.st.stm32cube.ide.mcu.externaltools.gnu-tools-for-stm32.7-2018-q2-update.win32_1.0.0.201904181610/tools/bin/../lib/gcc/arm-none-eabi/7.3.1/thumb/v7-m/crtbegin.o
 .ARM.attributes
                0x000000000000004a       0x33 Core/Src/main.o
 .ARM.attributes
                0x000000000000007d       0x33 Core/Src/stm32l1xx_hal_msp.o
 .ARM.attributes
                0x00000000000000b0       0x33 Core/Src/stm32l1xx_it.o
 .ARM.attributes
                0x00000000000000e3       0x33 Core/Src/system_stm32l1xx.o
 .ARM.attributes
                0x0000000000000116       0x21 Core/Startup/startup_stm32l151rbtxa.o
 .ARM.attributes
                0x0000000000000137       0x33 Drivers/STM32L1xx_HAL_Driver/Src/stm32l1xx_hal.o
 .ARM.attributes
                0x000000000000016a       0x33 Drivers/STM32L1xx_HAL_Driver/Src/stm32l1xx_hal_cortex.o
 .ARM.attributes
                0x000000000000019d       0x33 Drivers/STM32L1xx_HAL_Driver/Src/stm32l1xx_hal_gpio.o
 .ARM.attributes
                0x00000000000001d0       0x33 Drivers/STM32L1xx_HAL_Driver/Src/stm32l1xx_hal_pwr.o
 .ARM.attributes
                0x0000000000000203       0x33 Drivers/STM32L1xx_HAL_Driver/Src/stm32l1xx_hal_rcc.o
 .ARM.attributes
                0x0000000000000236       0x2d d:/installedprogram/cube/stm32cubeide_1.2.0/stm32cubeide/plugins/com.st.stm32cube.ide.mcu.externaltools.gnu-tools-for-stm32.7-2018-q2-update.win32_1.0.0.201904181610/tools/bin/../lib/gcc/arm-none-eabi/7.3.1/../../../../arm-none-eabi/lib/thumb/v7-m\libc_nano.a(lib_a-init.o)
 .ARM.attributes
                0x0000000000000263       0x2d d:/installedprogram/cube/stm32cubeide_1.2.0/stm32cubeide/plugins/com.st.stm32cube.ide.mcu.externaltools.gnu-tools-for-stm32.7-2018-q2-update.win32_1.0.0.201904181610/tools/bin/../lib/gcc/arm-none-eabi/7.3.1/../../../../arm-none-eabi/lib/thumb/v7-m\libc_nano.a(lib_a-memset.o)
 .ARM.attributes
                0x0000000000000290       0x1d d:/installedprogram/cube/stm32cubeide_1.2.0/stm32cubeide/plugins/com.st.stm32cube.ide.mcu.externaltools.gnu-tools-for-stm32.7-2018-q2-update.win32_1.0.0.201904181610/tools/bin/../lib/gcc/arm-none-eabi/7.3.1/thumb/v7-m/crtn.o
OUTPUT(l151.elf elf32-littlearm)

.debug_info     0x0000000000000000     0x3ba2
 .debug_info    0x0000000000000000      0x711 Core/Src/main.o
 .debug_info    0x0000000000000711      0x290 Core/Src/stm32l1xx_hal_msp.o
 .debug_info    0x00000000000009a1      0x223 Core/Src/stm32l1xx_it.o
 .debug_info    0x0000000000000bc4      0x473 Core/Src/system_stm32l1xx.o
 .debug_info    0x0000000000001037       0x22 Core/Startup/startup_stm32l151rbtxa.o
 .debug_info    0x0000000000001059      0x6da Drivers/STM32L1xx_HAL_Driver/Src/stm32l1xx_hal.o
 .debug_info    0x0000000000001733      0xd42 Drivers/STM32L1xx_HAL_Driver/Src/stm32l1xx_hal_cortex.o
 .debug_info    0x0000000000002475      0x690 Drivers/STM32L1xx_HAL_Driver/Src/stm32l1xx_hal_gpio.o
 .debug_info    0x0000000000002b05      0x7b5 Drivers/STM32L1xx_HAL_Driver/Src/stm32l1xx_hal_pwr.o
 .debug_info    0x00000000000032ba      0x8e8 Drivers/STM32L1xx_HAL_Driver/Src/stm32l1xx_hal_rcc.o

.debug_abbrev   0x0000000000000000      0xf73
 .debug_abbrev  0x0000000000000000      0x198 Core/Src/main.o
 .debug_abbrev  0x0000000000000198       0xef Core/Src/stm32l1xx_hal_msp.o
 .debug_abbrev  0x0000000000000287       0xac Core/Src/stm32l1xx_it.o
 .debug_abbrev  0x0000000000000333      0x111 Core/Src/system_stm32l1xx.o
 .debug_abbrev  0x0000000000000444       0x12 Core/Startup/startup_stm32l151rbtxa.o
 .debug_abbrev  0x0000000000000456      0x21b Drivers/STM32L1xx_HAL_Driver/Src/stm32l1xx_hal.o
 .debug_abbrev  0x0000000000000671      0x2fa Drivers/STM32L1xx_HAL_Driver/Src/stm32l1xx_hal_cortex.o
 .debug_abbrev  0x000000000000096b      0x1c9 Drivers/STM32L1xx_HAL_Driver/Src/stm32l1xx_hal_gpio.o
 .debug_abbrev  0x0000000000000b34      0x1eb Drivers/STM32L1xx_HAL_Driver/Src/stm32l1xx_hal_pwr.o
 .debug_abbrev  0x0000000000000d1f      0x254 Drivers/STM32L1xx_HAL_Driver/Src/stm32l1xx_hal_rcc.o

.debug_aranges  0x0000000000000000      0x498
 .debug_aranges
                0x0000000000000000       0x40 Core/Src/main.o
 .debug_aranges
                0x0000000000000040       0x20 Core/Src/stm32l1xx_hal_msp.o
 .debug_aranges
                0x0000000000000060       0x68 Core/Src/stm32l1xx_it.o
 .debug_aranges
                0x00000000000000c8       0x28 Core/Src/system_stm32l1xx.o
 .debug_aranges
                0x00000000000000f0       0x28 Core/Startup/startup_stm32l151rbtxa.o
 .debug_aranges
                0x0000000000000118       0xe0 Drivers/STM32L1xx_HAL_Driver/Src/stm32l1xx_hal.o
 .debug_aranges
                0x00000000000001f8      0x118 Drivers/STM32L1xx_HAL_Driver/Src/stm32l1xx_hal_cortex.o
 .debug_aranges
                0x0000000000000310       0x58 Drivers/STM32L1xx_HAL_Driver/Src/stm32l1xx_hal_gpio.o
 .debug_aranges
                0x0000000000000368       0xa0 Drivers/STM32L1xx_HAL_Driver/Src/stm32l1xx_hal_pwr.o
 .debug_aranges
                0x0000000000000408       0x90 Drivers/STM32L1xx_HAL_Driver/Src/stm32l1xx_hal_rcc.o

.debug_ranges   0x0000000000000000      0x400
 .debug_ranges  0x0000000000000000       0x30 Core/Src/main.o
 .debug_ranges  0x0000000000000030       0x10 Core/Src/stm32l1xx_hal_msp.o
 .debug_ranges  0x0000000000000040       0x58 Core/Src/stm32l1xx_it.o
 .debug_ranges  0x0000000000000098       0x18 Core/Src/system_stm32l1xx.o
 .debug_ranges  0x00000000000000b0       0x20 Core/Startup/startup_stm32l151rbtxa.o
 .debug_ranges  0x00000000000000d0       0xd0 Drivers/STM32L1xx_HAL_Driver/Src/stm32l1xx_hal.o
 .debug_ranges  0x00000000000001a0      0x108 Drivers/STM32L1xx_HAL_Driver/Src/stm32l1xx_hal_cortex.o
 .debug_ranges  0x00000000000002a8       0x48 Drivers/STM32L1xx_HAL_Driver/Src/stm32l1xx_hal_gpio.o
 .debug_ranges  0x00000000000002f0       0x90 Drivers/STM32L1xx_HAL_Driver/Src/stm32l1xx_hal_pwr.o
 .debug_ranges  0x0000000000000380       0x80 Drivers/STM32L1xx_HAL_Driver/Src/stm32l1xx_hal_rcc.o

.debug_macro    0x0000000000000000    0x12ac5
 .debug_macro   0x0000000000000000      0x191 Core/Src/main.o
 .debug_macro   0x0000000000000191      0xa5a Core/Src/main.o
 .debug_macro   0x0000000000000beb      0x100 Core/Src/main.o
 .debug_macro   0x0000000000000ceb       0x2e Core/Src/main.o
 .debug_macro   0x0000000000000d19       0x22 Core/Src/main.o
 .debug_macro   0x0000000000000d3b       0x22 Core/Src/main.o
 .debug_macro   0x0000000000000d5d       0x8e Core/Src/main.o
 .debug_macro   0x0000000000000deb       0x51 Core/Src/main.o
 .debug_macro   0x0000000000000e3c       0xef Core/Src/main.o
 .debug_macro   0x0000000000000f2b       0x6a Core/Src/main.o
 .debug_macro   0x0000000000000f95      0x1df Core/Src/main.o
 .debug_macro   0x0000000000001174       0x1c Core/Src/main.o
 .debug_macro   0x0000000000001190       0x22 Core/Src/main.o
 .debug_macro   0x00000000000011b2       0xc3 Core/Src/main.o
 .debug_macro   0x0000000000001275      0xe49 Core/Src/main.o
 .debug_macro   0x00000000000020be      0x11f Core/Src/main.o
 .debug_macro   0x00000000000021dd     0xa5bf Core/Src/main.o
 .debug_macro   0x000000000000c79c       0x43 Core/Src/main.o
 .debug_macro   0x000000000000c7df     0x3468 Core/Src/main.o
 .debug_macro   0x000000000000fc47      0x174 Core/Src/main.o
 .debug_macro   0x000000000000fdbb       0x5b Core/Src/main.o
 .debug_macro   0x000000000000fe16      0xe38 Core/Src/main.o
 .debug_macro   0x0000000000010c4e       0xca Core/Src/main.o
 .debug_macro   0x0000000000010d18      0x13b Core/Src/main.o
 .debug_macro   0x0000000000010e53       0xa7 Core/Src/main.o
 .debug_macro   0x0000000000010efa      0x21e Core/Src/main.o
 .debug_macro   0x0000000000011118      0x236 Core/Src/main.o
 .debug_macro   0x000000000001134e      0x10e Core/Src/main.o
 .debug_macro   0x000000000001145c      0x3a0 Core/Src/main.o
 .debug_macro   0x00000000000117fc      0x1e9 Core/Src/main.o
 .debug_macro   0x00000000000119e5       0x22 Core/Src/main.o
 .debug_macro   0x0000000000011a07      0x3dc Core/Src/main.o
 .debug_macro   0x0000000000011de3      0x191 Core/Src/stm32l1xx_hal_msp.o
 .debug_macro   0x0000000000011f74      0x19b Core/Src/stm32l1xx_it.o
 .debug_macro   0x000000000001210f      0x18d Core/Src/system_stm32l1xx.o
 .debug_macro   0x000000000001229c      0x1ab Drivers/STM32L1xx_HAL_Driver/Src/stm32l1xx_hal.o
 .debug_macro   0x0000000000012447      0x187 Drivers/STM32L1xx_HAL_Driver/Src/stm32l1xx_hal_cortex.o
 .debug_macro   0x00000000000125ce      0x1bf Drivers/STM32L1xx_HAL_Driver/Src/stm32l1xx_hal_gpio.o
 .debug_macro   0x000000000001278d      0x19f Drivers/STM32L1xx_HAL_Driver/Src/stm32l1xx_hal_pwr.o
 .debug_macro   0x000000000001292c      0x199 Drivers/STM32L1xx_HAL_Driver/Src/stm32l1xx_hal_rcc.o

.debug_line     0x0000000000000000     0x49e1
 .debug_line    0x0000000000000000      0x734 Core/Src/main.o
 .debug_line    0x0000000000000734      0x6c3 Core/Src/stm32l1xx_hal_msp.o
 .debug_line    0x0000000000000df7      0x778 Core/Src/stm32l1xx_it.o
 .debug_line    0x000000000000156f      0x6e9 Core/Src/system_stm32l1xx.o
 .debug_line    0x0000000000001c58       0x85 Core/Startup/startup_stm32l151rbtxa.o
 .debug_line    0x0000000000001cdd      0x89e Drivers/STM32L1xx_HAL_Driver/Src/stm32l1xx_hal.o
 .debug_line    0x000000000000257b      0x9e9 Drivers/STM32L1xx_HAL_Driver/Src/stm32l1xx_hal_cortex.o
 .debug_line    0x0000000000002f64      0x854 Drivers/STM32L1xx_HAL_Driver/Src/stm32l1xx_hal_gpio.o
 .debug_line    0x00000000000037b8      0x862 Drivers/STM32L1xx_HAL_Driver/Src/stm32l1xx_hal_pwr.o
 .debug_line    0x000000000000401a      0x9c7 Drivers/STM32L1xx_HAL_Driver/Src/stm32l1xx_hal_rcc.o

.debug_str      0x0000000000000000    0x733ea
 .debug_str     0x0000000000000000    0x72434 Core/Src/main.o
                                      0x726b2 (size before relaxing)
 .debug_str     0x0000000000072434       0x2c Core/Src/stm32l1xx_hal_msp.o
                                      0x721b9 (size before relaxing)
 .debug_str     0x0000000000072460       0xd2 Core/Src/stm32l1xx_it.o
                                      0x72207 (size before relaxing)
 .debug_str     0x0000000000072532       0xd5 Core/Src/system_stm32l1xx.o
                                      0x72251 (size before relaxing)
 .debug_str     0x0000000000072607       0x37 Core/Startup/startup_stm32l151rbtxa.o
                                         0x60 (size before relaxing)
 .debug_str     0x000000000007263e      0x2e8 Drivers/STM32L1xx_HAL_Driver/Src/stm32l1xx_hal.o
                                      0x72823 (size before relaxing)
 .debug_str     0x0000000000072926      0x3d2 Drivers/STM32L1xx_HAL_Driver/Src/stm32l1xx_hal_cortex.o
                                      0x72962 (size before relaxing)
 .debug_str     0x0000000000072cf8      0x1f4 Drivers/STM32L1xx_HAL_Driver/Src/stm32l1xx_hal_gpio.o
                                      0x72475 (size before relaxing)
 .debug_str     0x0000000000072eec      0x274 Drivers/STM32L1xx_HAL_Driver/Src/stm32l1xx_hal_pwr.o
                                      0x724a9 (size before relaxing)
 .debug_str     0x0000000000073160      0x28a Drivers/STM32L1xx_HAL_Driver/Src/stm32l1xx_hal_rcc.o
                                      0x72638 (size before relaxing)

.comment        0x0000000000000000       0x7b
 .comment       0x0000000000000000       0x7b Core/Src/main.o
                                         0x7c (size before relaxing)
 .comment       0x000000000000007b       0x7c Core/Src/stm32l1xx_hal_msp.o
 .comment       0x000000000000007b       0x7c Core/Src/stm32l1xx_it.o
 .comment       0x000000000000007b       0x7c Core/Src/system_stm32l1xx.o
 .comment       0x000000000000007b       0x7c Drivers/STM32L1xx_HAL_Driver/Src/stm32l1xx_hal.o
 .comment       0x000000000000007b       0x7c Drivers/STM32L1xx_HAL_Driver/Src/stm32l1xx_hal_cortex.o
 .comment       0x000000000000007b       0x7c Drivers/STM32L1xx_HAL_Driver/Src/stm32l1xx_hal_gpio.o
 .comment       0x000000000000007b       0x7c Drivers/STM32L1xx_HAL_Driver/Src/stm32l1xx_hal_pwr.o
 .comment       0x000000000000007b       0x7c Drivers/STM32L1xx_HAL_Driver/Src/stm32l1xx_hal_rcc.o

.debug_frame    0x0000000000000000     0x106c
 .debug_frame   0x0000000000000000       0xb8 Core/Src/main.o
 .debug_frame   0x00000000000000b8       0x38 Core/Src/stm32l1xx_hal_msp.o
 .debug_frame   0x00000000000000f0      0x128 Core/Src/stm32l1xx_it.o
 .debug_frame   0x0000000000000218       0x58 Core/Src/system_stm32l1xx.o
 .debug_frame   0x0000000000000270      0x33c Drivers/STM32L1xx_HAL_Driver/Src/stm32l1xx_hal.o
 .debug_frame   0x00000000000005ac      0x498 Drivers/STM32L1xx_HAL_Driver/Src/stm32l1xx_hal_cortex.o
 .debug_frame   0x0000000000000a44      0x14c Drivers/STM32L1xx_HAL_Driver/Src/stm32l1xx_hal_gpio.o
 .debug_frame   0x0000000000000b90      0x274 Drivers/STM32L1xx_HAL_Driver/Src/stm32l1xx_hal_pwr.o
 .debug_frame   0x0000000000000e04      0x21c Drivers/STM32L1xx_HAL_Driver/Src/stm32l1xx_hal_rcc.o
 .debug_frame   0x0000000000001020       0x2c d:/installedprogram/cube/stm32cubeide_1.2.0/stm32cubeide/plugins/com.st.stm32cube.ide.mcu.externaltools.gnu-tools-for-stm32.7-2018-q2-update.win32_1.0.0.201904181610/tools/bin/../lib/gcc/arm-none-eabi/7.3.1/../../../../arm-none-eabi/lib/thumb/v7-m\libc_nano.a(lib_a-init.o)
 .debug_frame   0x000000000000104c       0x20 d:/installedprogram/cube/stm32cubeide_1.2.0/stm32cubeide/plugins/com.st.stm32cube.ide.mcu.externaltools.gnu-tools-for-stm32.7-2018-q2-update.win32_1.0.0.201904181610/tools/bin/../lib/gcc/arm-none-eabi/7.3.1/../../../../arm-none-eabi/lib/thumb/v7-m\libc_nano.a(lib_a-memset.o)
